现在指定了镜像文件
文件加载了: /home/abc/ysyx-workbench/am-kernels/benchmarks/microbench/build/microbench-riscv32i-ysyxsoc.bin, size = 29248 bytes
======= Running MicroBench [input *test*] =======
[qsort] Quick sort: * Passed.
[queen] Queen placement: * Passed.
[bf] Brainf**k interpreter: * Passed.
[fib] Fibonacci number: * Passed.
[sieve] Eratosthenes sieve: * Passed.
[15pz] A* 15-puzzle search: * Passed.
[dinic] Dinic's maxflow algorithm: * Passed.
[lzip] Lzip compression: * Passed.
[ssort] Suffix sort: * Passed.
[md5] MD5 digest: * Passed.
==================================================
MicroBench PASS
Scored time: 2045.548 ms
Total  time: 2960.444 ms
trap了
HIT GOOD TRAP at pc = 0xa0004da0, cycles = 3296141, instructions = 403605, ipc = 0.1224
性能计数器
IFU取到指令: 570276
EXU完成计算: 570276
LSU取到数据: 66914
LSU写出数据: 53877
ALU指令: 303071
访存指令: 120791
CSR指令: 521
分支/跳转指令: 145893
指令类别合计: 570276 (应与IFU取指一致)
IFU取指: 570276
EXU完成: 570276 (应与IFU取指接近)
LSU合计: 120791 (应与访存指令一致)

指令类别占比与平均周期:
ALU指令占比: 53.1%
访存指令占比: 21.2%
访存指令平均周期: 11.07
CSR指令占比: 0.1%
分支/跳转指令占比: 25.6%

IFU取不到指令原因分析:
流水线阻塞(IFU有数据但下游不接): 1641159 周期, 占比 49.8%
AXI总线等待(AR/R通道未就绪): 1084702 周期, 占比 32.9%
  其中 AR通道等待(请求未接受): 115516 周期, 占比 3.5%
  其中 R通道等待(数据未返回): 398910 周期, 占比 12.1%
跳转冲刷(取指结果被丢弃): 92799 周期, 占比 2.8%
IFU空闲(无取指请求): 570280 周期, 占比 17.3%

EXU流水线阻塞分析:
EXU等待LSU完成(流水线stall): 1216572 周期, 占比 36.9%

LSU平均访存延迟:
平均延迟: 10.07 周期
  读延迟: 11.25 周期 (66914 次)
  写延迟: 8.61 周期 (53877 次)

LSU访存延迟分解:
  AR等待(读请求握手): 133828 周期, 占比 11.0%
  R等待(读数据返回):  551897 周期, 占比 45.4%
  AW/W等待(写请求握手): 107754 周期, 占比 8.9%
  B等待(写响应返回):  302302 周期, 占比 24.8%

ICache 性能:
  命中: 558606 次
  缺失: 11674 次
  命中率: 98.0%
  缺失平均延迟: 44.1 周期
  AMAT: 1.9 周期

单次记录: NPCSimResult/20260725-104523/result_ysyxsoc.csv
