现在指定了镜像文件
文件加载了: /home/abc/ysyx-workbench/am-kernels/benchmarks/microbench/build/microbench-riscv32i-ysyxsoc.bin, size = 29256 bytes
Invalid mainargs: "the_insert-arg_rule_in_Makefile_will_insert_mainargs_here"; must be in {test, train, ref, huge}
trap了
HIT BAD TRAP at pc = 0xa0004d78, code = 1, cycles = 489080, instructions = 32675, ipc = 0.0668
iringbuf是空的
性能计数器
IFU取到指令: 48820
EXU完成计算: 48820
LSU取到数据: 8425
LSU写出数据: 8072
ALU指令: 16308
访存指令: 16497
CSR指令: 117
分支/跳转指令: 15898
指令类别合计: 48820 (应与IFU取指一致)
IFU取指: 48820
EXU完成: 48820 (应与IFU取指接近)
LSU合计: 16497 (应与访存指令一致)

指令类别占比与平均周期:
ALU指令占比: 33.4%
访存指令占比: 33.8%
访存指令平均周期: 17.88
CSR指令占比: 0.2%
分支/跳转指令占比: 32.6%

IFU取不到指令原因分析:
流水线阻塞(IFU有数据但下游不接): 304986 周期, 占比 62.4%
AXI总线等待(AR/R通道未就绪): 135270 周期, 占比 27.7%
  其中 AR通道等待(请求未接受): 10885 周期, 占比 2.2%
  其中 R通道等待(数据未返回): 75565 周期, 占比 15.5%
跳转冲刷(取指结果被丢弃): 8010 周期, 占比 1.6%
IFU空闲(无取指请求): 48824 周期, 占比 10.0%

EXU流水线阻塞分析:
EXU等待LSU完成(流水线stall): 278483 周期, 占比 56.9%

LSU平均访存延迟:
平均延迟: 16.88 周期
  读延迟: 8.82 周期 (8425 次)
  写延迟: 25.30 周期 (8072 次)

LSU访存延迟分解:
  AR等待(读请求握手): 16850 周期, 占比 6.1%
  R等待(读数据返回):  49003 周期, 占比 17.6%
  AW/W等待(写请求握手): 16144 周期, 占比 5.8%
  B等待(写响应返回):  179989 周期, 占比 64.6%

ICache 性能:
  命中: 48164 次
  缺失: 660 次
  命中率: 98.6%
  缺失平均延迟: 131.0 周期
  AMAT: 2.8 周期

单次记录: NPCSimResult/20260726-103636/result_ysyxsoc_icsprout55.csv
