现在指定了镜像文件
文件加载了: /home/abc/ysyx-workbench/am-kernels/benchmarks/microbench/build/microbench-riscv32i-ysyxsoc.bin, size = 29280 bytes
======= Running MicroBench [input *test*] =======
[qsort] Quick sort: * Passed.
[queen] Queen placement: * Passed.
[bf] Brainf**k interpreter: * Passed.
[fib] Fibonacci number: * Passed.
[sieve] Eratosthenes sieve: * Passed.
[15pz] A* 15-puzzle search: * Passed.
[dinic] Dinic's maxflow algorithm: * Passed.
[lzip] Lzip compression: * Passed.
[ssort] Suffix sort: * Passed.
[md5] MD5 digest: * Passed.
==================================================
MicroBench PASS
Scored time: 3040.908 ms
Total  time: 4421.634 ms
trap了
HIT GOOD TRAP at pc = 0xa0004db8, cycles = 4910183, instructions = 405829, ipc = 0.0827
性能计数器
IFU取到指令: 638169
EXU完成计算: 573650
LSU取到数据: 67440
LSU写出数据: 54403
ALU指令: 305283
访存指令: 121843
CSR指令: 2
分支/跳转指令: 146522
  其中 jal指令: 19204
  其中 jalr指令: 13903
  其中 条件分支: 113415
指令类别合计: 573650 (应与IFU取指一致)
IFU取指: 638169
EXU完成: 573650 (应与IFU取指接近)
LSU合计: 121843 (应与访存指令一致)

指令类别占比与平均周期:
ALU指令占比: 47.8%
访存指令占比: 19.1%
访存指令平均周期: 6.56
CSR指令占比: 0.0%
分支/跳转指令占比: 23.0%

IFU取不到指令原因分析:
流水线阻塞(IFU有数据但下游不接): 3340099 周期, 占比 68.0%
AXI总线等待(AR/R通道未就绪): 4226319 周期, 占比 86.1%
  其中 AR通道等待(请求未接受): 161466 周期, 占比 3.3%
  其中 R通道等待(数据未返回): 713039 周期, 占比 14.5%
跳转冲刷(取指结果被丢弃): 36856 周期, 占比 0.8%
IFU空闲(无取指请求): 36857 周期, 占比 0.8%

EXU流水线阻塞分析:
EXU被下游阻塞(有指令但本拍未完成): 2416727 周期, 占比 49.2%
EXU空转无输入(上游供给不足): 1919806 周期, 占比 39.1%
EX/MEM等待槽占用(5级拆分买到的访存重叠): 2811548 周期, 占比 57.3%

IDU数据冒险阻塞分析:
RAW阻塞合计: 1436029 周期, 占比 29.2%
  load-use(等LSU数据,转发无法消除): 1436029 周期, 占比 29.2%
  ALU依赖(转发可消除,即转发理想收益): 0 周期, 占比 0.0%

异常/中断提交: 1 次

LSU平均访存延迟:
平均延迟: 29.76 周期
  读延迟: 32.27 周期 (67440 次)
  写延迟: 26.65 周期 (54403 次)

LSU访存延迟分解:
  AR等待(读请求握手): 294908 周期, 占比 8.1%
  R等待(读数据返回):  1814133 周期, 占比 50.0%
  AW/W等待(写请求握手): 227468 周期, 占比 6.3%
  B等待(写响应返回):  1168186 周期, 占比 32.2%

ICache 性能:
  命中: 626454 次
  缺失: 20553 次
  命中率: 96.8%
  缺失平均延迟: 42.5 周期
  AMAT: 2.4 周期

单次记录: NPCSimResult/20260730-135330/result_ysyxsoc_icsprout55.csv
