现在指定了镜像文件
文件加载了: /home/abc/ysyx-workbench/am-kernels/benchmarks/microbench/build/microbench-riscv32i-ysyxsoc.bin, size = 28948 bytes
Invalid mainargs: "the_insert-arg_rule_in_Makefile_will_insert_mainargs_here"; must be in {test, train, ref, huge}
trap了
HIT BAD TRAP at pc = 0xa0004d84, code = 1, cycles = 767345, instructions = 32822, ipc = 0.0428
打印iringbuf
    0x00000000a0005bd4: lw	s10, 0x20(sp)         02 01 2d 03
    0x00000000a0005bd8: lw	s10, 0x20(sp)         02 01 2d 03
    0x00000000a0005bd8: lw	s10, 0x20(sp)         02 01 2d 03
    0x00000000a0005bd8: lw	s10, 0x20(sp)         02 01 2d 03
    0x00000000a0005bd8: lw	s10, 0x20(sp)         02 01 2d 03
    0x00000000a0005bd8: lw	s10, 0x20(sp)         02 01 2d 03
    0x00000000a0005bd8: lw	s10, 0x20(sp)         02 01 2d 03
    0x00000000a0005bd8: lw	s10, 0x20(sp)         02 01 2d 03
    0x00000000a0005bd8: lw	s10, 0x20(sp)         02 01 2d 03
    0x00000000a0005bd8: lw	s10, 0x20(sp)         02 01 2d 03
    0x00000000a0005bd8: lw	s10, 0x20(sp)         02 01 2d 03
    0x00000000a0005bd8: lw	s10, 0x20(sp)         02 01 2d 03
    0x00000000a0005bd8: lw	s10, 0x20(sp)         02 01 2d 03
    0x00000000a0005bd8: lw	s10, 0x20(sp)         02 01 2d 03
    0x00000000a0005bd8: lw	s10, 0x20(sp)         02 01 2d 03
    0x00000000a0005bd8: lw	s10, 0x20(sp)         02 01 2d 03
    0x00000000a0005bd8: lw	s10, 0x20(sp)         02 01 2d 03
    0x00000000a0005bd8: lw	s10, 0x20(sp)         02 01 2d 03
    0x00000000a0005bd8: lw	s10, 0x20(sp)         02 01 2d 03
    0x00000000a0005bd8: lw	s10, 0x20(sp)         02 01 2d 03
    0x00000000a0005bd8: lw	s10, 0x20(sp)         02 01 2d 03
    0x00000000a0005bd8: lw	s10, 0x20(sp)         02 01 2d 03
    0x00000000a0005bd8: lw	s10, 0x20(sp)         02 01 2d 03
    0x00000000a0005bd8: lw	s10, 0x20(sp)         02 01 2d 03
    0x00000000a0005bd8: lw	s10, 0x20(sp)         02 01 2d 03
    0x00000000a0005bd8: lw	s10, 0x20(sp)         02 01 2d 03
    0x00000000a0005bd8: lw	s10, 0x20(sp)         02 01 2d 03
    0x00000000a0005bd8: lw	s10, 0x20(sp)         02 01 2d 03
    0x00000000a0005bd8: lw	s10, 0x20(sp)         02 01 2d 03
    0x00000000a0005bd8: lw	s10, 0x20(sp)         02 01 2d 03
    0x00000000a0005bd8: lw	s10, 0x20(sp)         02 01 2d 03
    0x00000000a0005bd8: lw	s10, 0x20(sp)         02 01 2d 03
    0x00000000a0005bd8: lw	s10, 0x20(sp)         02 01 2d 03
    0x00000000a0005bd8: lw	s10, 0x20(sp)         02 01 2d 03
    0x00000000a0005bd8: lw	s10, 0x20(sp)         02 01 2d 03
    0x00000000a0005bd8: lw	s10, 0x20(sp)         02 01 2d 03
    0x00000000a0005bd8: lw	s10, 0x20(sp)         02 01 2d 03
    0x00000000a0005bd8: lw	s10, 0x20(sp)         02 01 2d 03
    0x00000000a0005bd8: lw	s10, 0x20(sp)         02 01 2d 03
    0x00000000a0005bd8: lw	s10, 0x20(sp)         02 01 2d 03
    0x00000000a0005bd8: lw	s10, 0x20(sp)         02 01 2d 03
    0x00000000a0005bd8: lw	s10, 0x20(sp)         02 01 2d 03
    0x00000000a0005bd8: lw	s10, 0x20(sp)         02 01 2d 03
    0x00000000a0005bd8: lw	s10, 0x20(sp)         02 01 2d 03
    0x00000000a0005bd8: lw	s10, 0x20(sp)         02 01 2d 03
    0x00000000a0005bd8: lw	s10, 0x20(sp)         02 01 2d 03
    0x00000000a0005bd8: lw	s10, 0x20(sp)         02 01 2d 03
    0x00000000a0005bd8: lw	s10, 0x20(sp)         02 01 2d 03
    0x00000000a0005bd8: lw	s10, 0x20(sp)         02 01 2d 03
    0x00000000a0005bd8: lw	s10, 0x20(sp)         02 01 2d 03
    0x00000000a0005bd8: lw	s10, 0x20(sp)         02 01 2d 03
    0x00000000a0005bd8: lw	s10, 0x20(sp)         02 01 2d 03
    0x00000000a0005bd8: lw	s10, 0x20(sp)         02 01 2d 03
    0x00000000a0005bd8: lw	s10, 0x20(sp)         02 01 2d 03
    0x00000000a0005bd8: lw	s10, 0x20(sp)         02 01 2d 03
    0x00000000a0005bd8: lw	s10, 0x20(sp)         02 01 2d 03
    0x00000000a0005bd8: lw	s10, 0x20(sp)         02 01 2d 03
    0x00000000a0005bd8: lw	s10, 0x20(sp)         02 01 2d 03
    0x00000000a0005bd8: lw	s10, 0x20(sp)         02 01 2d 03
    0x00000000a0005bd8: lw	s10, 0x20(sp)         02 01 2d 03
    0x00000000a0005bd8: lw	s11, 0x1c(sp)         01 c1 2d 83
    0x00000000a0005bdc: lw	s11, 0x1c(sp)         01 c1 2d 83
    0x00000000a0005bdc: lw	s11, 0x1c(sp)         01 c1 2d 83
    0x00000000a0005bdc: lw	s11, 0x1c(sp)         01 c1 2d 83
    0x00000000a0005bdc: lw	s11, 0x1c(sp)         01 c1 2d 83
    0x00000000a0005bdc: lw	s11, 0x1c(sp)         01 c1 2d 83
    0x00000000a0005bdc: lw	s11, 0x1c(sp)         01 c1 2d 83
    0x00000000a0005bdc: lw	s11, 0x1c(sp)         01 c1 2d 83
    0x00000000a0005bdc: lw	s11, 0x1c(sp)         01 c1 2d 83
    0x00000000a0005bdc: lw	s11, 0x1c(sp)         01 c1 2d 83
    0x00000000a0005bdc: lw	s11, 0x1c(sp)         01 c1 2d 83
    0x00000000a0005bdc: lw	s11, 0x1c(sp)         01 c1 2d 83
    0x00000000a0005bdc: lw	s11, 0x1c(sp)         01 c1 2d 83
    0x00000000a0005bdc: lw	s11, 0x1c(sp)         01 c1 2d 83
    0x00000000a0005bdc: lw	s11, 0x1c(sp)         01 c1 2d 83
    0x00000000a0005bdc: lw	s11, 0x1c(sp)         01 c1 2d 83
    0x00000000a0005bdc: lw	s11, 0x1c(sp)         01 c1 2d 83
    0x00000000a0005bdc: lw	s11, 0x1c(sp)         01 c1 2d 83
    0x00000000a0005bdc: lw	s11, 0x1c(sp)         01 c1 2d 83
    0x00000000a0005bdc: lw	s11, 0x1c(sp)         01 c1 2d 83
    0x00000000a0005bdc: lw	s11, 0x1c(sp)         01 c1 2d 83
    0x00000000a0005bdc: lw	s11, 0x1c(sp)         01 c1 2d 83
    0x00000000a0005bdc: lw	s11, 0x1c(sp)         01 c1 2d 83
    0x00000000a0005bdc: lw	s11, 0x1c(sp)         01 c1 2d 83
    0x00000000a0005bdc: lw	s11, 0x1c(sp)         01 c1 2d 83
    0x00000000a0005bdc: lw	s11, 0x1c(sp)         01 c1 2d 83
    0x00000000a0005bdc: lw	s11, 0x1c(sp)         01 c1 2d 83
    0x00000000a0005bdc: lw	s11, 0x1c(sp)         01 c1 2d 83
    0x00000000a0005bdc: lw	s11, 0x1c(sp)         01 c1 2d 83
    0x00000000a0005bdc: lw	s11, 0x1c(sp)         01 c1 2d 83
    0x00000000a0005bdc: lw	s11, 0x1c(sp)         01 c1 2d 83
    0x00000000a0005bdc: lw	s11, 0x1c(sp)         01 c1 2d 83
    0x00000000a0005bdc: lw	s11, 0x1c(sp)         01 c1 2d 83
    0x00000000a0005bdc: lw	s11, 0x1c(sp)         01 c1 2d 83
    0x00000000a0005bdc: lw	s11, 0x1c(sp)         01 c1 2d 83
    0x00000000a0005bdc: lw	s11, 0x1c(sp)         01 c1 2d 83
    0x00000000a0005bdc: lw	s11, 0x1c(sp)         01 c1 2d 83
    0x00000000a0005bdc: lw	s11, 0x1c(sp)         01 c1 2d 83
    0x00000000a0005bdc: lw	s11, 0x1c(sp)         01 c1 2d 83
    0x00000000a0005bdc: lw	s11, 0x1c(sp)         01 c1 2d 83
    0x00000000a0005bdc: lw	s11, 0x1c(sp)         01 c1 2d 83
    0x00000000a0005bdc: lw	s11, 0x1c(sp)         01 c1 2d 83
    0x00000000a0005bdc: lw	s11, 0x1c(sp)         01 c1 2d 83
    0x00000000a0005bdc: lw	s11, 0x1c(sp)         01 c1 2d 83
    0x00000000a0005bdc: lw	s11, 0x1c(sp)         01 c1 2d 83
    0x00000000a0005bdc: lw	s11, 0x1c(sp)         01 c1 2d 83
    0x00000000a0005bdc: lw	s11, 0x1c(sp)         01 c1 2d 83
    0x00000000a0005bdc: lw	s11, 0x1c(sp)         01 c1 2d 83
    0x00000000a0005bdc: lw	s11, 0x1c(sp)         01 c1 2d 83
    0x00000000a0005bdc: lw	s11, 0x1c(sp)         01 c1 2d 83
    0x00000000a0005bdc: lw	s11, 0x1c(sp)         01 c1 2d 83
    0x00000000a0005bdc: lw	s11, 0x1c(sp)         01 c1 2d 83
    0x00000000a0005bdc: lw	s11, 0x1c(sp)         01 c1 2d 83
    0x00000000a0005bdc: lw	s11, 0x1c(sp)         01 c1 2d 83
    0x00000000a0005bdc: lw	s11, 0x1c(sp)         01 c1 2d 83
    0x00000000a0005bdc: lw	s11, 0x1c(sp)         01 c1 2d 83
    0x00000000a0005bdc: lw	s11, 0x1c(sp)         01 c1 2d 83
    0x00000000a0005bdc: lw	s11, 0x1c(sp)         01 c1 2d 83
    0x00000000a0005bdc: lw	s11, 0x1c(sp)         01 c1 2d 83
    0x00000000a0005bdc: lw	s11, 0x1c(sp)         01 c1 2d 83
    0x00000000a0005bdc: lw	s11, 0x1c(sp)         01 c1 2d 83
    0x00000000a0005bdc: lw	s11, 0x1c(sp)         01 c1 2d 83
    0x00000000a0005bdc: lw	s11, 0x1c(sp)         01 c1 2d 83
    0x00000000a0005bdc: lw	s11, 0x1c(sp)         01 c1 2d 83
    0x00000000a0005bdc: lw	s11, 0x1c(sp)         01 c1 2d 83
    0x00000000a0005bdc: lw	s11, 0x1c(sp)         01 c1 2d 83
    0x00000000a0005bdc: lw	s11, 0x1c(sp)         01 c1 2d 83
    0x00000000a0005bdc: lw	s11, 0x1c(sp)         01 c1 2d 83
    0x00000000a0005bdc: lw	s11, 0x1c(sp)         01 c1 2d 83
    0x00000000a0005bdc: lw	s11, 0x1c(sp)         01 c1 2d 83
    0x00000000a0005bdc: lw	s11, 0x1c(sp)         01 c1 2d 83
    0x00000000a0005bdc: lw	s11, 0x1c(sp)         01 c1 2d 83
    0x00000000a0005bdc: lw	s11, 0x1c(sp)         01 c1 2d 83
    0x00000000a0005bdc: lw	s11, 0x1c(sp)         01 c1 2d 83
    0x00000000a0005bdc: lw	s11, 0x1c(sp)         01 c1 2d 83
    0x00000000a0005bdc: lw	s11, 0x1c(sp)         01 c1 2d 83
    0x00000000a0005bdc: lw	s11, 0x1c(sp)         01 c1 2d 83
    0x00000000a0005bdc: lw	s11, 0x1c(sp)         01 c1 2d 83
    0x00000000a0005bdc: lw	s11, 0x1c(sp)         01 c1 2d 83
    0x00000000a0005bdc: lw	s11, 0x1c(sp)         01 c1 2d 83
    0x00000000a0005bdc: lw	s11, 0x1c(sp)         01 c1 2d 83
    0x00000000a0005bdc: lw	s11, 0x1c(sp)         01 c1 2d 83
    0x00000000a0005bdc: lw	s11, 0x1c(sp)         01 c1 2d 83
    0x00000000a0005bdc: lw	s11, 0x1c(sp)         01 c1 2d 83
    0x00000000a0005bdc: lw	s11, 0x1c(sp)         01 c1 2d 83
    0x00000000a0005bdc: lw	s11, 0x1c(sp)         01 c1 2d 83
    0x00000000a0005bdc: lw	s11, 0x1c(sp)         01 c1 2d 83
    0x00000000a0005bdc: lw	s11, 0x1c(sp)         01 c1 2d 83
    0x00000000a0005bdc: lw	s11, 0x1c(sp)         01 c1 2d 83
    0x00000000a0005bdc: lw	s11, 0x1c(sp)         01 c1 2d 83
    0x00000000a0005bdc: lw	s11, 0x1c(sp)         01 c1 2d 83
    0x00000000a0005bdc: lw	s11, 0x1c(sp)         01 c1 2d 83
    0x00000000a0005bdc: lw	s11, 0x1c(sp)         01 c1 2d 83
    0x00000000a0005bdc: lw	s11, 0x1c(sp)         01 c1 2d 83
    0x00000000a0005bdc: lw	s11, 0x1c(sp)         01 c1 2d 83
    0x00000000a0005bdc: lw	s11, 0x1c(sp)         01 c1 2d 83
    0x00000000a0005bdc: lw	s11, 0x1c(sp)         01 c1 2d 83
    0x00000000a0005bdc: lw	s11, 0x1c(sp)         01 c1 2d 83
    0x00000000a0005bdc: lw	s11, 0x1c(sp)         01 c1 2d 83
    0x00000000a0005bdc: lw	s11, 0x1c(sp)         01 c1 2d 83
    0x00000000a0005bdc: addi	sp, sp, 0x50        05 01 01 13
    0x00000000a0005be0: addi	sp, sp, 0x50        05 01 01 13
    0x00000000a0005be0: addi	sp, sp, 0x50        05 01 01 13
    0x00000000a0005be0: addi	sp, sp, 0x50        05 01 01 13
    0x00000000a0005be0: addi	sp, sp, 0x50        05 01 01 13
    0x00000000a0005be0: addi	sp, sp, 0x50        05 01 01 13
    0x00000000a0005be0: addi	sp, sp, 0x50        05 01 01 13
    0x00000000a0005be0: addi	sp, sp, 0x50        05 01 01 13
    0x00000000a0005be0: addi	sp, sp, 0x50        05 01 01 13
    0x00000000a0005be0: addi	sp, sp, 0x50        05 01 01 13
    0x00000000a0005be0: addi	sp, sp, 0x50        05 01 01 13
    0x00000000a0005be0: addi	sp, sp, 0x50        05 01 01 13
    0x00000000a0005be0: addi	sp, sp, 0x50        05 01 01 13
    0x00000000a0005be0: addi	sp, sp, 0x50        05 01 01 13
    0x00000000a0005be0: addi	sp, sp, 0x50        05 01 01 13
    0x00000000a0005be0: addi	sp, sp, 0x50        05 01 01 13
    0x00000000a0005be0: addi	sp, sp, 0x50        05 01 01 13
    0x00000000a0005be0: addi	sp, sp, 0x50        05 01 01 13
    0x00000000a0005be0: addi	sp, sp, 0x50        05 01 01 13
    0x00000000a0005be0: addi	sp, sp, 0x50        05 01 01 13
    0x00000000a0005be0: addi	sp, sp, 0x50        05 01 01 13
    0x00000000a0005be0: addi	sp, sp, 0x50        05 01 01 13
    0x00000000a0005be0: addi	sp, sp, 0x50        05 01 01 13
    0x00000000a0005be0: addi	sp, sp, 0x50        05 01 01 13
    0x00000000a0005be0: addi	sp, sp, 0x50        05 01 01 13
    0x00000000a0005be0: addi	sp, sp, 0x50        05 01 01 13
    0x00000000a0005be0: addi	sp, sp, 0x50        05 01 01 13
    0x00000000a0005be0: addi	sp, sp, 0x50        05 01 01 13
    0x00000000a0005be0: addi	sp, sp, 0x50        05 01 01 13
    0x00000000a0005be0: addi	sp, sp, 0x50        05 01 01 13
    0x00000000a0005be0: addi	sp, sp, 0x50        05 01 01 13
    0x00000000a0005be0: addi	sp, sp, 0x50        05 01 01 13
    0x00000000a0005be0: ret                      00 00 80 67
    0x00000000a0005fcc: ret                      00 00 80 67
    0x00000000a0005fcc: ret                      00 00 80 67
    0x00000000a0005fcc: ret                      00 00 80 67
    0x00000000a0005fcc: ret                      00 00 80 67
    0x00000000a0005fcc: ret                      00 00 80 67
    0x00000000a0005fcc: ret                      00 00 80 67
    0x00000000a0005fcc: ret                      00 00 80 67
    0x00000000a0005fcc: ret                      00 00 80 67
    0x00000000a0005fcc: ret                      00 00 80 67
    0x00000000a0005fcc: ret                      00 00 80 67
    0x00000000a0005fcc: ret                      00 00 80 67
    0x00000000a0005fcc: ret                      00 00 80 67
    0x00000000a0005fcc: ret                      00 00 80 67
    0x00000000a0005fcc: ret                      00 00 80 67
    0x00000000a0005fcc: ret                      00 00 80 67
    0x00000000a0005fcc: ret                      00 00 80 67
    0x00000000a0005fcc: ret                      00 00 80 67
    0x00000000a0005fcc: ret                      00 00 80 67
    0x00000000a0005fcc: ret                      00 00 80 67
    0x00000000a0005fcc: ret                      00 00 80 67
    0x00000000a0005fcc: ret                      00 00 80 67
    0x00000000a0005fcc: ret                      00 00 80 67
    0x00000000a0005fcc: ret                      00 00 80 67
    0x00000000a0005fcc: ret                      00 00 80 67
    0x00000000a0005fcc: ret                      00 00 80 67
    0x00000000a0005fcc: ret                      00 00 80 67
    0x00000000a0005fcc: ret                      00 00 80 67
    0x00000000a0005fcc: ret                      00 00 80 67
    0x00000000a0005fcc: ret                      00 00 80 67
    0x00000000a0005fcc: ret                      00 00 80 67
    0x00000000a0005fcc: ret                      00 00 80 67
    0x00000000a0005fcc: ret                      00 00 80 67
    0x00000000a0005fcc: ret                      00 00 80 67
    0x00000000a0005fcc: ret                      00 00 80 67
    0x00000000a0005fcc: ret                      00 00 80 67
    0x00000000a0005fcc: ret                      00 00 80 67
    0x00000000a0005fcc: ret                      00 00 80 67
    0x00000000a0005fcc: ret                      00 00 80 67
    0x00000000a0005fcc: ret                      00 00 80 67
    0x00000000a0005fcc: ret                      00 00 80 67
    0x00000000a0005fcc: ret                      00 00 80 67
    0x00000000a0005fcc: ret                      00 00 80 67
    0x00000000a0005fcc: ret                      00 00 80 67
    0x00000000a0005fcc: ret                      00 00 80 67
    0x00000000a0005fcc: lw	ra, 0x1c(sp)          01 c1 20 83
    0x00000000a0005fd0: lw	ra, 0x1c(sp)          01 c1 20 83
    0x00000000a0005fd0: lw	ra, 0x1c(sp)          01 c1 20 83
    0x00000000a0005fd0: lw	ra, 0x1c(sp)          01 c1 20 83
    0x00000000a0005fd0: lw	ra, 0x1c(sp)          01 c1 20 83
    0x00000000a0005fd0: lw	ra, 0x1c(sp)          01 c1 20 83
    0x00000000a0005fd0: lw	ra, 0x1c(sp)          01 c1 20 83
    0x00000000a0005fd0: lw	ra, 0x1c(sp)          01 c1 20 83
    0x00000000a0005fd0: lw	ra, 0x1c(sp)          01 c1 20 83
    0x00000000a0005fd0: lw	ra, 0x1c(sp)          01 c1 20 83
    0x00000000a0005fd0: lw	ra, 0x1c(sp)          01 c1 20 83
    0x00000000a0005fd0: lw	ra, 0x1c(sp)          01 c1 20 83
    0x00000000a0005fd0: lw	ra, 0x1c(sp)          01 c1 20 83
    0x00000000a0005fd0: lw	ra, 0x1c(sp)          01 c1 20 83
    0x00000000a0005fd0: lw	ra, 0x1c(sp)          01 c1 20 83
    0x00000000a0005fd0: lw	ra, 0x1c(sp)          01 c1 20 83
    0x00000000a0005fd0: lw	ra, 0x1c(sp)          01 c1 20 83
    0x00000000a0005fd0: lw	ra, 0x1c(sp)          01 c1 20 83
    0x00000000a0005fd0: lw	ra, 0x1c(sp)          01 c1 20 83
    0x00000000a0005fd0: lw	ra, 0x1c(sp)          01 c1 20 83
    0x00000000a0005fd0: lw	ra, 0x1c(sp)          01 c1 20 83
    0x00000000a0005fd0: lw	ra, 0x1c(sp)          01 c1 20 83
    0x00000000a0005fd0: lw	ra, 0x1c(sp)          01 c1 20 83
    0x00000000a0005fd0: lw	ra, 0x1c(sp)          01 c1 20 83
    0x00000000a0005fd0: lw	ra, 0x1c(sp)          01 c1 20 83
    0x00000000a0005fd0: lw	ra, 0x1c(sp)          01 c1 20 83
    0x00000000a0005fd0: lw	ra, 0x1c(sp)          01 c1 20 83
    0x00000000a0005fd0: lw	ra, 0x1c(sp)          01 c1 20 83
    0x00000000a0005fd0: lw	ra, 0x1c(sp)          01 c1 20 83
    0x00000000a0005fd0: lw	ra, 0x1c(sp)          01 c1 20 83
    0x00000000a0005fd0: lw	ra, 0x1c(sp)          01 c1 20 83
    0x00000000a0005fd0: lw	ra, 0x1c(sp)          01 c1 20 83
    0x00000000a0005fd0: lw	ra, 0x1c(sp)          01 c1 20 83
    0x00000000a0005fd0: lw	ra, 0x1c(sp)          01 c1 20 83
    0x00000000a0005fd0: lw	ra, 0x1c(sp)          01 c1 20 83
    0x00000000a0005fd0: lw	ra, 0x1c(sp)          01 c1 20 83
    0x00000000a0005fd0: lw	ra, 0x1c(sp)          01 c1 20 83
    0x00000000a0005fd0: lw	ra, 0x1c(sp)          01 c1 20 83
    0x00000000a0005fd0: lw	ra, 0x1c(sp)          01 c1 20 83
    0x00000000a0005fd0: lw	ra, 0x1c(sp)          01 c1 20 83
    0x00000000a0005fd0: lw	ra, 0x1c(sp)          01 c1 20 83
    0x00000000a0005fd0: lw	ra, 0x1c(sp)          01 c1 20 83
    0x00000000a0005fd0: lw	ra, 0x1c(sp)          01 c1 20 83
    0x00000000a0005fd0: lw	ra, 0x1c(sp)          01 c1 20 83
    0x00000000a0005fd0: lw	ra, 0x1c(sp)          01 c1 20 83
    0x00000000a0005fd0: lw	ra, 0x1c(sp)          01 c1 20 83
    0x00000000a0005fd0: lw	ra, 0x1c(sp)          01 c1 20 83
    0x00000000a0005fd0: lw	ra, 0x1c(sp)          01 c1 20 83
    0x00000000a0005fd0: lw	ra, 0x1c(sp)          01 c1 20 83
    0x00000000a0005fd0: lw	ra, 0x1c(sp)          01 c1 20 83
    0x00000000a0005fd0: lw	ra, 0x1c(sp)          01 c1 20 83
    0x00000000a0005fd0: lw	ra, 0x1c(sp)          01 c1 20 83
    0x00000000a0005fd0: lw	ra, 0x1c(sp)          01 c1 20 83
    0x00000000a0005fd0: lw	ra, 0x1c(sp)          01 c1 20 83
    0x00000000a0005fd0: lw	ra, 0x1c(sp)          01 c1 20 83
    0x00000000a0005fd0: lw	ra, 0x1c(sp)          01 c1 20 83
    0x00000000a0005fd0: lw	ra, 0x1c(sp)          01 c1 20 83
    0x00000000a0005fd0: lw	ra, 0x1c(sp)          01 c1 20 83
    0x00000000a0005fd0: lw	ra, 0x1c(sp)          01 c1 20 83
    0x00000000a0005fd0: lw	ra, 0x1c(sp)          01 c1 20 83
    0x00000000a0005fd0: addi	sp, sp, 0x40        04 01 01 13
    0x00000000a0005fd4: addi	sp, sp, 0x40        04 01 01 13
    0x00000000a0005fd4: addi	sp, sp, 0x40        04 01 01 13
    0x00000000a0005fd4: addi	sp, sp, 0x40        04 01 01 13
    0x00000000a0005fd4: addi	sp, sp, 0x40        04 01 01 13
    0x00000000a0005fd4: addi	sp, sp, 0x40        04 01 01 13
    0x00000000a0005fd4: addi	sp, sp, 0x40        04 01 01 13
    0x00000000a0005fd4: addi	sp, sp, 0x40        04 01 01 13
    0x00000000a0005fd4: addi	sp, sp, 0x40        04 01 01 13
    0x00000000a0005fd4: addi	sp, sp, 0x40        04 01 01 13
    0x00000000a0005fd4: addi	sp, sp, 0x40        04 01 01 13
    0x00000000a0005fd4: addi	sp, sp, 0x40        04 01 01 13
    0x00000000a0005fd4: addi	sp, sp, 0x40        04 01 01 13
    0x00000000a0005fd4: addi	sp, sp, 0x40        04 01 01 13
    0x00000000a0005fd4: addi	sp, sp, 0x40        04 01 01 13
    0x00000000a0005fd4: addi	sp, sp, 0x40        04 01 01 13
    0x00000000a0005fd4: addi	sp, sp, 0x40        04 01 01 13
    0x00000000a0005fd4: addi	sp, sp, 0x40        04 01 01 13
    0x00000000a0005fd4: addi	sp, sp, 0x40        04 01 01 13
    0x00000000a0005fd4: addi	sp, sp, 0x40        04 01 01 13
    0x00000000a0005fd4: addi	sp, sp, 0x40        04 01 01 13
    0x00000000a0005fd4: addi	sp, sp, 0x40        04 01 01 13
    0x00000000a0005fd4: addi	sp, sp, 0x40        04 01 01 13
    0x00000000a0005fd4: addi	sp, sp, 0x40        04 01 01 13
    0x00000000a0005fd4: addi	sp, sp, 0x40        04 01 01 13
    0x00000000a0005fd4: addi	sp, sp, 0x40        04 01 01 13
    0x00000000a0005fd4: addi	sp, sp, 0x40        04 01 01 13
    0x00000000a0005fd4: addi	sp, sp, 0x40        04 01 01 13
    0x00000000a0005fd4: addi	sp, sp, 0x40        04 01 01 13
    0x00000000a0005fd4: addi	sp, sp, 0x40        04 01 01 13
    0x00000000a0005fd4: addi	sp, sp, 0x40        04 01 01 13
    0x00000000a0005fd4: addi	sp, sp, 0x40        04 01 01 13
    0x00000000a0005fd4: ret                      00 00 80 67
    0x00000000a00045e8: ret                      00 00 80 67
    0x00000000a00045e8: ret                      00 00 80 67
    0x00000000a00045e8: ret                      00 00 80 67
    0x00000000a00045e8: ret                      00 00 80 67
    0x00000000a00045e8: ret                      00 00 80 67
    0x00000000a00045e8: ret                      00 00 80 67
    0x00000000a00045e8: ret                      00 00 80 67
    0x00000000a00045e8: ret                      00 00 80 67
    0x00000000a00045e8: ret                      00 00 80 67
    0x00000000a00045e8: ret                      00 00 80 67
    0x00000000a00045e8: ret                      00 00 80 67
    0x00000000a00045e8: ret                      00 00 80 67
    0x00000000a00045e8: ret                      00 00 80 67
    0x00000000a00045e8: ret                      00 00 80 67
    0x00000000a00045e8: ret                      00 00 80 67
    0x00000000a00045e8: ret                      00 00 80 67
    0x00000000a00045e8: ret                      00 00 80 67
    0x00000000a00045e8: ret                      00 00 80 67
    0x00000000a00045e8: ret                      00 00 80 67
    0x00000000a00045e8: ret                      00 00 80 67
    0x00000000a00045e8: ret                      00 00 80 67
    0x00000000a00045e8: ret                      00 00 80 67
    0x00000000a00045e8: ret                      00 00 80 67
    0x00000000a00045e8: ret                      00 00 80 67
    0x00000000a00045e8: ret                      00 00 80 67
    0x00000000a00045e8: ret                      00 00 80 67
    0x00000000a00045e8: ret                      00 00 80 67
    0x00000000a00045e8: ret                      00 00 80 67
    0x00000000a00045e8: ret                      00 00 80 67
    0x00000000a00045e8: ret                      00 00 80 67
    0x00000000a00045e8: ret                      00 00 80 67
    0x00000000a00045e8: ret                      00 00 80 67
    0x00000000a00045e8: ret                      00 00 80 67
    0x00000000a00045e8: ret                      00 00 80 67
    0x00000000a00045e8: ret                      00 00 80 67
    0x00000000a00045e8: ret                      00 00 80 67
    0x00000000a00045e8: ret                      00 00 80 67
    0x00000000a00045e8: ret                      00 00 80 67
    0x00000000a00045e8: ret                      00 00 80 67
    0x00000000a00045e8: ret                      00 00 80 67
    0x00000000a00045e8: ret                      00 00 80 67
    0x00000000a00045e8: ret                      00 00 80 67
    0x00000000a00045e8: ret                      00 00 80 67
    0x00000000a00045e8: ret                      00 00 80 67
    0x00000000a00045e8: ret                      00 00 80 67
    0x00000000a00045e8: ret                      00 00 80 67
    0x00000000a00045e8: ret                      00 00 80 67
    0x00000000a00045e8: ret                      00 00 80 67
    0x00000000a00045e8: ret                      00 00 80 67
    0x00000000a00045e8: ret                      00 00 80 67
    0x00000000a00045e8: ret                      00 00 80 67
    0x00000000a00045e8: ret                      00 00 80 67
    0x00000000a00045e8: ret                      00 00 80 67
    0x00000000a00045e8: ret                      00 00 80 67
    0x00000000a00045e8: ret                      00 00 80 67
    0x00000000a00045e8: ret                      00 00 80 67
    0x00000000a00045e8: ret                      00 00 80 67
    0x00000000a00045e8: ret                      00 00 80 67
    0x00000000a00045e8: addi	a0, zero, 1         00 10 05 13
    0x00000000a00045ec: addi	a0, zero, 1         00 10 05 13
    0x00000000a00045ec: addi	a0, zero, 1         00 10 05 13
    0x00000000a00045ec: addi	a0, zero, 1         00 10 05 13
    0x00000000a00045ec: addi	a0, zero, 1         00 10 05 13
    0x00000000a00045ec: addi	a0, zero, 1         00 10 05 13
    0x00000000a00045ec: addi	a0, zero, 1         00 10 05 13
    0x00000000a00045ec: addi	a0, zero, 1         00 10 05 13
    0x00000000a00045ec: addi	a0, zero, 1         00 10 05 13
    0x00000000a00045ec: addi	a0, zero, 1         00 10 05 13
    0x00000000a00045ec: addi	a0, zero, 1         00 10 05 13
    0x00000000a00045ec: addi	a0, zero, 1         00 10 05 13
    0x00000000a00045ec: addi	a0, zero, 1         00 10 05 13
    0x00000000a00045ec: addi	a0, zero, 1         00 10 05 13
    0x00000000a00045ec: addi	a0, zero, 1         00 10 05 13
    0x00000000a00045ec: addi	a0, zero, 1         00 10 05 13
    0x00000000a00045ec: addi	a0, zero, 1         00 10 05 13
    0x00000000a00045ec: addi	a0, zero, 1         00 10 05 13
    0x00000000a00045ec: addi	a0, zero, 1         00 10 05 13
    0x00000000a00045ec: addi	a0, zero, 1         00 10 05 13
    0x00000000a00045ec: addi	a0, zero, 1         00 10 05 13
    0x00000000a00045ec: addi	a0, zero, 1         00 10 05 13
    0x00000000a00045ec: addi	a0, zero, 1         00 10 05 13
    0x00000000a00045ec: addi	a0, zero, 1         00 10 05 13
    0x00000000a00045ec: addi	a0, zero, 1         00 10 05 13
    0x00000000a00045ec: addi	a0, zero, 1         00 10 05 13
    0x00000000a00045ec: addi	a0, zero, 1         00 10 05 13
    0x00000000a00045ec: addi	a0, zero, 1         00 10 05 13
    0x00000000a00045ec: addi	a0, zero, 1         00 10 05 13
    0x00000000a00045ec: addi	a0, zero, 1         00 10 05 13
    0x00000000a00045ec: addi	a0, zero, 1         00 10 05 13
    0x00000000a00045ec: addi	a0, zero, 1         00 10 05 13
    0x00000000a00045ec: jal	0x794                79 40 00 ef
    0x00000000a0004d80: jal	0x794                79 40 00 ef
    0x00000000a0004d80: jal	0x794                79 40 00 ef
    0x00000000a0004d80: jal	0x794                79 40 00 ef
    0x00000000a0004d80: jal	0x794                79 40 00 ef
    0x00000000a0004d80: jal	0x794                79 40 00 ef
    0x00000000a0004d80: jal	0x794                79 40 00 ef
    0x00000000a0004d80: jal	0x794                79 40 00 ef
    0x00000000a0004d80: jal	0x794                79 40 00 ef
    0x00000000a0004d80: jal	0x794                79 40 00 ef
    0x00000000a0004d80: jal	0x794                79 40 00 ef
    0x00000000a0004d80: jal	0x794                79 40 00 ef
    0x00000000a0004d80: jal	0x794                79 40 00 ef
    0x00000000a0004d80: jal	0x794                79 40 00 ef
    0x00000000a0004d80: jal	0x794                79 40 00 ef
    0x00000000a0004d80: jal	0x794                79 40 00 ef
    0x00000000a0004d80: jal	0x794                79 40 00 ef
    0x00000000a0004d80: jal	0x794                79 40 00 ef
    0x00000000a0004d80: jal	0x794                79 40 00 ef
    0x00000000a0004d80: jal	0x794                79 40 00 ef
    0x00000000a0004d80: jal	0x794                79 40 00 ef
    0x00000000a0004d80: jal	0x794                79 40 00 ef
    0x00000000a0004d80: jal	0x794                79 40 00 ef
    0x00000000a0004d80: jal	0x794                79 40 00 ef
    0x00000000a0004d80: jal	0x794                79 40 00 ef
    0x00000000a0004d80: jal	0x794                79 40 00 ef
    0x00000000a0004d80: jal	0x794                79 40 00 ef
    0x00000000a0004d80: jal	0x794                79 40 00 ef
    0x00000000a0004d80: jal	0x794                79 40 00 ef
    0x00000000a0004d80: jal	0x794                79 40 00 ef
    0x00000000a0004d80: jal	0x794                79 40 00 ef
    0x00000000a0004d80: jal	0x794                79 40 00 ef
    0x00000000a0004d80: jal	0x794                79 40 00 ef
    0x00000000a0004d80: jal	0x794                79 40 00 ef
    0x00000000a0004d80: jal	0x794                79 40 00 ef
    0x00000000a0004d80: jal	0x794                79 40 00 ef
    0x00000000a0004d80: jal	0x794                79 40 00 ef
    0x00000000a0004d80: jal	0x794                79 40 00 ef
    0x00000000a0004d80: jal	0x794                79 40 00 ef
    0x00000000a0004d80: jal	0x794                79 40 00 ef
    0x00000000a0004d80: jal	0x794                79 40 00 ef
    0x00000000a0004d80: jal	0x794                79 40 00 ef
    0x00000000a0004d80: jal	0x794                79 40 00 ef
    0x00000000a0004d80: jal	0x794                79 40 00 ef
    0x00000000a0004d80: jal	0x794                79 40 00 ef
    0x00000000a0004d80: jal	0x794                79 40 00 ef
    0x00000000a0004d80: jal	0x794                79 40 00 ef
    0x00000000a0004d80: jal	0x794                79 40 00 ef
    0x00000000a0004d80: jal	0x794                79 40 00 ef
    0x00000000a0004d80: jal	0x794                79 40 00 ef
    0x00000000a0004d80: jal	0x794                79 40 00 ef
    0x00000000a0004d80: jal	0x794                79 40 00 ef
    0x00000000a0004d80: jal	0x794                79 40 00 ef
    0x00000000a0004d80: jal	0x794                79 40 00 ef
    0x00000000a0004d80: jal	0x794                79 40 00 ef
    0x00000000a0004d80: jal	0x794                79 40 00 ef
    0x00000000a0004d80: jal	0x794                79 40 00 ef
    0x00000000a0004d80: jal	0x794                79 40 00 ef
    0x00000000a0004d80: jal	0x794                79 40 00 ef
    0x00000000a0004d80: mv	a0, a0                00 05 05 13
--> 0x00000000a0004d84: mv	a0, a0                00 05 05 13
--> 0x00000000a0004d84: mv	a0, a0                00 05 05 13
--> 0x00000000a0004d84: mv	a0, a0                00 05 05 13
--> 0x00000000a0004d84: mv	a0, a0                00 05 05 13
--> 0x00000000a0004d84: mv	a0, a0                00 05 05 13
--> 0x00000000a0004d84: mv	a0, a0                00 05 05 13
--> 0x00000000a0004d84: mv	a0, a0                00 05 05 13
--> 0x00000000a0004d84: mv	a0, a0                00 05 05 13
--> 0x00000000a0004d84: mv	a0, a0                00 05 05 13
--> 0x00000000a0004d84: mv	a0, a0                00 05 05 13
--> 0x00000000a0004d84: mv	a0, a0                00 05 05 13
--> 0x00000000a0004d84: mv	a0, a0                00 05 05 13
--> 0x00000000a0004d84: mv	a0, a0                00 05 05 13
--> 0x00000000a0004d84: mv	a0, a0                00 05 05 13
--> 0x00000000a0004d84: mv	a0, a0                00 05 05 13
--> 0x00000000a0004d84: mv	a0, a0                00 05 05 13
--> 0x00000000a0004d84: mv	a0, a0                00 05 05 13
--> 0x00000000a0004d84: mv	a0, a0                00 05 05 13
--> 0x00000000a0004d84: mv	a0, a0                00 05 05 13
--> 0x00000000a0004d84: mv	a0, a0                00 05 05 13
--> 0x00000000a0004d84: mv	a0, a0                00 05 05 13
--> 0x00000000a0004d84: mv	a0, a0                00 05 05 13
--> 0x00000000a0004d84: mv	a0, a0                00 05 05 13
--> 0x00000000a0004d84: mv	a0, a0                00 05 05 13
--> 0x00000000a0004d84: mv	a0, a0                00 05 05 13
--> 0x00000000a0004d84: mv	a0, a0                00 05 05 13
--> 0x00000000a0004d84: mv	a0, a0                00 05 05 13
--> 0x00000000a0004d84: mv	a0, a0                00 05 05 13
--> 0x00000000a0004d84: mv	a0, a0                00 05 05 13
--> 0x00000000a0004d84: mv	a0, a0                00 05 05 13
--> 0x00000000a0004d84: mv	a0, a0                00 05 05 13
--> 0x00000000a0004d84: ebreak                   00 10 00 73
性能计数器
IFU取到指令: 49048
EXU完成计算: 49047
LSU取到数据: 8463
LSU写出数据: 8114
ALU指令: 16613
访存指令: 16577
CSR指令: 0
分支/跳转指令: 15857
指令类别合计: 49047 (应与IFU取指一致)
IFU取指: 49048
EXU完成: 49047 (应与IFU取指接近)
LSU合计: 16577 (应与访存指令一致)

指令类别占比与平均周期:
ALU指令占比: 33.9%
访存指令占比: 33.8%
访存指令平均周期: 18.10
CSR指令占比: 0.0%
分支/跳转指令占比: 32.3%

IFU取不到指令原因分析:
流水线阻塞(IFU有数据但下游不接): 51081 周期, 占比 6.7%
AXI总线等待(AR/R通道未就绪): 667213 周期, 占比 87.0%
  其中 AR通道等待(请求未接受): 345868 周期, 占比 45.1%
  其中 R通道等待(数据未返回): 272297 周期, 占比 35.5%
跳转冲刷(取指结果被丢弃): 7931 周期, 占比 1.0%
IFU空闲(无取指请求): 49051 周期, 占比 6.4%

EXU流水线阻塞分析:
EXU等待LSU完成(流水线stall): 283401 周期, 占比 36.9%

LSU平均访存延迟:
平均延迟: 17.10 周期
  读延迟: 11.21 周期 (8463 次)
  写延迟: 23.23 周期 (8114 次)

LSU访存延迟分解:
  AR等待(读请求握手): 16926 周期, 占比 6.0%
  R等待(读数据返回):  69512 周期, 占比 24.5%
  AW/W等待(写请求握手): 16228 周期, 占比 5.7%
  B等待(写响应返回):  164158 周期, 占比 57.9%

ICache 性能:
  命中: 253 次
  缺失: 5249 次
  命中率: 4.6%
  缺失平均延迟: 117.8 周期
  AMAT: 113.4 周期
