现在指定了镜像文件
文件加载了: /home/abc/ysyx-workbench/am-kernels/tests/cpu-tests/build/quick-sort-riscv32e-npc.bin, size = 1144 bytes
trap了
HIT GOOD TRAP at pc = 0x800003e0, cycles = 19732, instructions = 2082, ipc = 0.1055
性能计数器
IFU取到指令: 3041
EXU完成计算: 3041
LSU取到数据: 495
LSU写出数据: 192
ALU指令: 1392
访存指令: 687
CSR指令: 0
分支/跳转指令: 962
指令类别合计: 3041 (应与IFU取指一致)
IFU取指: 3041
EXU完成: 3041 (应与IFU取指接近)
LSU合计: 687 (应与访存指令一致)

指令类别占比与平均周期:
ALU指令占比: 45.8%
访存指令占比: 22.6%
访存指令平均周期: 6.72
CSR指令占比: 0.0%
分支/跳转指令占比: 31.6%

IFU取不到指令原因分析:
流水线阻塞(IFU有数据但下游不接): 4661 周期, 占比 23.6%
AXI总线等待(AR/R通道未就绪): 12031 周期, 占比 61.0%
  其中 AR通道等待(请求未接受): 4355 周期, 占比 22.1%
  其中 R通道等待(数据未返回): 4635 周期, 占比 23.5%
跳转冲刷(取指结果被丢弃): 561 周期, 占比 2.8%
IFU空闲(无取指请求): 3040 周期, 占比 15.4%

EXU流水线阻塞分析:
EXU等待LSU完成(流水线stall): 3930 周期, 占比 19.9%

LSU平均访存延迟:
平均延迟: 5.72 周期
  读延迟: 6.00 周期 (495 次)
  写延迟: 5.00 周期 (192 次)

LSU访存延迟分解:
  AR等待(读请求握手): 990 周期, 占比 25.2%
  R等待(读数据返回):  1485 周期, 占比 37.8%
  AW/W等待(写请求握手): 384 周期, 占比 9.8%
  B等待(写响应返回):  384 周期, 占比 9.8%

ICache 性能:
  命中: 1496 次
  缺失: 1544 次
  命中率: 49.2%

单次记录: NPCSimResult/20260720-195148/result_npc.csv
