现在指定了镜像文件
文件加载了: /home/abc/ysyx-workbench/am-kernels/benchmarks/microbench/build/microbench-riscv32i-ysyxsoc.bin, size = 28948 bytes
Access Fault [DECERR] at PC=0xa0004dac, cycle=365393
  地址译码错误，鬼知道你访问了什么地址，AXI总线根本找不到对应的从设备
Access Fault [DECERR] at PC=0xa0004dac, cycle=365394
  地址译码错误，鬼知道你访问了什么地址，AXI总线根本找不到对应的从设备
Access Fault [DECERR] at PC=0xa0004db8, cycle=365420
  地址译码错误，鬼知道你访问了什么地址，AXI总线根本找不到对应的从设备
Access Fault [DECERR] at PC=0xa0004db8, cycle=365421
  地址译码错误，鬼知道你访问了什么地址，AXI总线根本找不到对应的从设备
Access Fault [DECERR] at PC=0xa0004dc0, cycle=365439
  地址译码错误，鬼知道你访问了什么地址，AXI总线根本找不到对应的从设备
Access Fault [DECERR] at PC=0xa0004dc0, cycle=365440
  地址译码错误，鬼知道你访问了什么地址，AXI总线根本找不到对应的从设备
Access Fault [DECERR] at PC=0xa0004dc8, cycle=365458
  地址译码错误，鬼知道你访问了什么地址，AXI总线根本找不到对应的从设备
Access Fault [DECERR] at PC=0xa0004dc8, cycle=365459
  地址译码错误，鬼知道你访问了什么地址，AXI总线根本找不到对应的从设备
trap了
HIT BAD TRAP at pc = 0xa00041dc, code = 2684381564, cycles = 365509, instructions = 29015, ipc = 0.0794
iringbuf是空的
性能计数器
IFU取到指令: 43566
EXU完成计算: 43565
LSU取到数据: 7219
LSU写出数据: 7272
ALU指令: 14532
访存指令: 14491
CSR指令: 0
分支/跳转指令: 14542
指令类别合计: 43565 (应与IFU取指一致)
IFU取指: 43566
EXU完成: 43565 (应与IFU取指接近)
LSU合计: 14491 (应与访存指令一致)

指令类别占比与平均周期:
ALU指令占比: 33.4%
访存指令占比: 33.3%
访存指令平均周期: 7.18
CSR指令占比: 0.0%
分支/跳转指令占比: 33.4%

IFU取不到指令原因分析:
流水线阻塞(IFU有数据但下游不接): 43565 周期, 占比 11.9%
AXI总线等待(AR/R通道未就绪): 278375 周期, 占比 76.2%
  其中 AR通道等待(请求未接受): 147641 周期, 占比 40.4%
  其中 R通道等待(数据未返回): 87168 周期, 占比 23.8%
跳转冲刷(取指结果被丢弃): 7275 周期, 占比 2.0%
IFU空闲(无取指请求): 43569 周期, 占比 11.9%

EXU流水线阻塞分析:
EXU等待LSU完成(流水线stall): 89491 周期, 占比 24.5%

LSU平均访存延迟:
平均延迟: 6.18 周期
  读延迟: 5.00 周期 (7219 次)
  写延迟: 7.34 周期 (7272 次)

LSU访存延迟分解:
  AR等待(读请求握手): 14438 周期, 占比 16.1%
  R等待(读数据返回):  14438 周期, 占比 16.1%
  AW/W等待(写请求握手): 14544 周期, 占比 16.3%
  B等待(写响应返回):  31580 周期, 占比 35.3%

ICache 性能:
  命中: 0 次
  缺失: 20 次
  命中率: 0.0%
  缺失平均延迟: 11740.5 周期
  AMAT: 11741.5 周期
