Invalid mainargs: "the_insert-arg_rule_in_Makefile_will_insert_mainargs_here"; must be in {test, train, ref, huge}
现在指定了镜像文件
文件加载了: /home/abc/ysyx-workbench/am-kernels/benchmarks/microbench/build/microbench-riscv32e-npc.bin, size = 30944 bytes
trap了
HIT BAD TRAP at pc = 0x800053b0, code = 1, cycles = 46667, instructions = 3346, ipc = 0.0717
打印iringbuf
    0x0000000080006200: lw	a5, 0xc(s0)           00 c4 27 83
    0x0000000080006200: lw	a5, 0xc(s0)           00 c4 27 83
    0x0000000080006200: lw	a5, 0xc(s0)           00 c4 27 83
    0x0000000080006200: lw	a5, 0xc(s0)           00 c4 27 83
    0x0000000080006200: lw	a5, 0xc(s0)           00 c4 27 83
    0x0000000080006200: lw	a5, 0xc(s0)           00 c4 27 83
    0x0000000080006200: lw	a5, 0xc(s0)           00 c4 27 83
    0x0000000080006200: lw	a5, 0xc(s0)           00 c4 27 83
    0x0000000080006200: lw	a5, 0xc(s0)           00 c4 27 83
    0x0000000080006200: lw	a5, 0xc(s0)           00 c4 27 83
    0x0000000080006200: lw	a5, 0xc(s0)           00 c4 27 83
    0x0000000080006200: sb	a4, 0xf(sp)           00 e1 07 a3
    0x0000000080006204: sb	a4, 0xf(sp)           00 e1 07 a3
    0x0000000080006204: sb	a4, 0xf(sp)           00 e1 07 a3
    0x0000000080006204: sb	a4, 0xf(sp)           00 e1 07 a3
    0x0000000080006204: sb	a4, 0xf(sp)           00 e1 07 a3
    0x0000000080006204: sb	a4, 0xf(sp)           00 e1 07 a3
    0x0000000080006204: sb	a4, 0xf(sp)           00 e1 07 a3
    0x0000000080006204: sb	a4, 0xf(sp)           00 e1 07 a3
    0x0000000080006204: sb	a4, 0xf(sp)           00 e1 07 a3
    0x0000000080006204: sb	a4, 0xf(sp)           00 e1 07 a3
    0x0000000080006204: sb	a4, 0xf(sp)           00 e1 07 a3
    0x0000000080006204: bnez	a5, 0x1f0           1e 07 98 63
    0x0000000080006208: bnez	a5, 0x1f0           1e 07 98 63
    0x0000000080006208: bnez	a5, 0x1f0           1e 07 98 63
    0x0000000080006208: bnez	a5, 0x1f0           1e 07 98 63
    0x0000000080006208: bnez	a5, 0x1f0           1e 07 98 63
    0x0000000080006208: bnez	a5, 0x1f0           1e 07 98 63
    0x0000000080006208: bnez	a5, 0x1f0           1e 07 98 63
    0x0000000080006208: bnez	a5, 0x1f0           1e 07 98 63
    0x0000000080006208: lw	a5, 0(s0)             00 04 27 83
    0x000000008000620c: lw	a5, 0(s0)             00 04 27 83
    0x000000008000620c: lw	a5, 0(s0)             00 04 27 83
    0x000000008000620c: lw	a5, 0(s0)             00 04 27 83
    0x000000008000620c: lw	a5, 0(s0)             00 04 27 83
    0x000000008000620c: lw	a5, 0(s0)             00 04 27 83
    0x000000008000620c: lw	a5, 0(s0)             00 04 27 83
    0x000000008000620c: lw	a5, 0(s0)             00 04 27 83
    0x000000008000620c: lw	a5, 0(s0)             00 04 27 83
    0x000000008000620c: lw	a5, 0(s0)             00 04 27 83
    0x000000008000620c: lw	a5, 0(s0)             00 04 27 83
    0x000000008000620c: lw	a5, 0(s0)             00 04 27 83
    0x000000008000620c: addi	a2, zero, 1         00 10 06 13
    0x0000000080006210: addi	a2, zero, 1         00 10 06 13
    0x0000000080006210: addi	a2, zero, 1         00 10 06 13
    0x0000000080006210: addi	a2, zero, 1         00 10 06 13
    0x0000000080006210: addi	a2, zero, 1         00 10 06 13
    0x0000000080006210: addi	a2, zero, 1         00 10 06 13
    0x0000000080006210: addi	a2, zero, 1         00 10 06 13
    0x0000000080006210: addi	a2, zero, 1         00 10 06 13
    0x0000000080006210: addi	a1, sp, 0xf         00 f1 05 93
    0x0000000080006214: addi	a1, sp, 0xf         00 f1 05 93
    0x0000000080006214: addi	a1, sp, 0xf         00 f1 05 93
    0x0000000080006214: addi	a1, sp, 0xf         00 f1 05 93
    0x0000000080006214: addi	a1, sp, 0xf         00 f1 05 93
    0x0000000080006214: addi	a1, sp, 0xf         00 f1 05 93
    0x0000000080006214: addi	a1, sp, 0xf         00 f1 05 93
    0x0000000080006214: addi	a1, sp, 0xf         00 f1 05 93
    0x0000000080006214: mv	a0, s0                00 04 05 13
    0x0000000080006218: mv	a0, s0                00 04 05 13
    0x0000000080006218: mv	a0, s0                00 04 05 13
    0x0000000080006218: mv	a0, s0                00 04 05 13
    0x0000000080006218: mv	a0, s0                00 04 05 13
    0x0000000080006218: mv	a0, s0                00 04 05 13
    0x0000000080006218: mv	a0, s0                00 04 05 13
    0x0000000080006218: mv	a0, s0                00 04 05 13
    0x0000000080006218: sw	t0, 4(sp)             00 51 22 23
    0x000000008000621c: sw	t0, 4(sp)             00 51 22 23
    0x000000008000621c: sw	t0, 4(sp)             00 51 22 23
    0x000000008000621c: sw	t0, 4(sp)             00 51 22 23
    0x000000008000621c: sw	t0, 4(sp)             00 51 22 23
    0x000000008000621c: sw	t0, 4(sp)             00 51 22 23
    0x000000008000621c: sw	t0, 4(sp)             00 51 22 23
    0x000000008000621c: sw	t0, 4(sp)             00 51 22 23
    0x000000008000621c: sw	t0, 4(sp)             00 51 22 23
    0x000000008000621c: sw	t0, 4(sp)             00 51 22 23
    0x000000008000621c: sw	t0, 4(sp)             00 51 22 23
    0x000000008000621c: jalr	a5                  00 07 80 e7
    0x0000000080005dc0: jalr	a5                  00 07 80 e7
    0x0000000080005dc0: jalr	a5                  00 07 80 e7
    0x0000000080005dc0: jalr	a5                  00 07 80 e7
    0x0000000080005dc0: jalr	a5                  00 07 80 e7
    0x0000000080005dc0: jalr	a5                  00 07 80 e7
    0x0000000080005dc0: jalr	a5                  00 07 80 e7
    0x0000000080005dc0: jalr	a5                  00 07 80 e7
    0x0000000080005dc0: addi	sp, sp, -0x10       ff 01 01 13
    0x0000000080005dc4: addi	sp, sp, -0x10       ff 01 01 13
    0x0000000080005dc4: addi	sp, sp, -0x10       ff 01 01 13
    0x0000000080005dc4: addi	sp, sp, -0x10       ff 01 01 13
    0x0000000080005dc4: addi	sp, sp, -0x10       ff 01 01 13
    0x0000000080005dc4: addi	sp, sp, -0x10       ff 01 01 13
    0x0000000080005dc4: addi	sp, sp, -0x10       ff 01 01 13
    0x0000000080005dc4: addi	sp, sp, -0x10       ff 01 01 13
    0x0000000080005dc4: sw	ra, 0xc(sp)           00 11 26 23
    0x0000000080005dc8: sw	ra, 0xc(sp)           00 11 26 23
    0x0000000080005dc8: sw	ra, 0xc(sp)           00 11 26 23
    0x0000000080005dc8: sw	ra, 0xc(sp)           00 11 26 23
    0x0000000080005dc8: sw	ra, 0xc(sp)           00 11 26 23
    0x0000000080005dc8: sw	ra, 0xc(sp)           00 11 26 23
    0x0000000080005dc8: sw	ra, 0xc(sp)           00 11 26 23
    0x0000000080005dc8: sw	ra, 0xc(sp)           00 11 26 23
    0x0000000080005dc8: sw	ra, 0xc(sp)           00 11 26 23
    0x0000000080005dc8: sw	ra, 0xc(sp)           00 11 26 23
    0x0000000080005dc8: sw	ra, 0xc(sp)           00 11 26 23
    0x0000000080005dc8: sw	a2, 0(sp)             00 c1 20 23
    0x0000000080005dcc: sw	a2, 0(sp)             00 c1 20 23
    0x0000000080005dcc: sw	a2, 0(sp)             00 c1 20 23
    0x0000000080005dcc: sw	a2, 0(sp)             00 c1 20 23
    0x0000000080005dcc: sw	a2, 0(sp)             00 c1 20 23
    0x0000000080005dcc: sw	a2, 0(sp)             00 c1 20 23
    0x0000000080005dcc: sw	a2, 0(sp)             00 c1 20 23
    0x0000000080005dcc: sw	a2, 0(sp)             00 c1 20 23
    0x0000000080005dcc: sw	a2, 0(sp)             00 c1 20 23
    0x0000000080005dcc: sw	a2, 0(sp)             00 c1 20 23
    0x0000000080005dcc: sw	a2, 0(sp)             00 c1 20 23
    0x0000000080005dcc: beqz	a2, 0x2c            02 06 06 63
    0x0000000080005dd0: beqz	a2, 0x2c            02 06 06 63
    0x0000000080005dd0: beqz	a2, 0x2c            02 06 06 63
    0x0000000080005dd0: beqz	a2, 0x2c            02 06 06 63
    0x0000000080005dd0: beqz	a2, 0x2c            02 06 06 63
    0x0000000080005dd0: beqz	a2, 0x2c            02 06 06 63
    0x0000000080005dd0: beqz	a2, 0x2c            02 06 06 63
    0x0000000080005dd0: beqz	a2, 0x2c            02 06 06 63
    0x0000000080005dd0: sw	s0, 8(sp)             00 81 24 23
    0x0000000080005dd4: sw	s0, 8(sp)             00 81 24 23
    0x0000000080005dd4: sw	s0, 8(sp)             00 81 24 23
    0x0000000080005dd4: sw	s0, 8(sp)             00 81 24 23
    0x0000000080005dd4: sw	s0, 8(sp)             00 81 24 23
    0x0000000080005dd4: sw	s0, 8(sp)             00 81 24 23
    0x0000000080005dd4: sw	s0, 8(sp)             00 81 24 23
    0x0000000080005dd4: sw	s0, 8(sp)             00 81 24 23
    0x0000000080005dd4: sw	s0, 8(sp)             00 81 24 23
    0x0000000080005dd4: sw	s0, 8(sp)             00 81 24 23
    0x0000000080005dd4: sw	s0, 8(sp)             00 81 24 23
    0x0000000080005dd4: sw	s1, 4(sp)             00 91 22 23
    0x0000000080005dd8: sw	s1, 4(sp)             00 91 22 23
    0x0000000080005dd8: sw	s1, 4(sp)             00 91 22 23
    0x0000000080005dd8: sw	s1, 4(sp)             00 91 22 23
    0x0000000080005dd8: sw	s1, 4(sp)             00 91 22 23
    0x0000000080005dd8: sw	s1, 4(sp)             00 91 22 23
    0x0000000080005dd8: sw	s1, 4(sp)             00 91 22 23
    0x0000000080005dd8: sw	s1, 4(sp)             00 91 22 23
    0x0000000080005dd8: sw	s1, 4(sp)             00 91 22 23
    0x0000000080005dd8: sw	s1, 4(sp)             00 91 22 23
    0x0000000080005dd8: sw	s1, 4(sp)             00 91 22 23
    0x0000000080005dd8: add	s0, a1, a2           00 c5 84 33
    0x0000000080005ddc: add	s0, a1, a2           00 c5 84 33
    0x0000000080005ddc: add	s0, a1, a2           00 c5 84 33
    0x0000000080005ddc: add	s0, a1, a2           00 c5 84 33
    0x0000000080005ddc: add	s0, a1, a2           00 c5 84 33
    0x0000000080005ddc: add	s0, a1, a2           00 c5 84 33
    0x0000000080005ddc: add	s0, a1, a2           00 c5 84 33
    0x0000000080005ddc: add	s0, a1, a2           00 c5 84 33
    0x0000000080005ddc: mv	s1, a1                00 05 84 93
    0x0000000080005de0: mv	s1, a1                00 05 84 93
    0x0000000080005de0: mv	s1, a1                00 05 84 93
    0x0000000080005de0: mv	s1, a1                00 05 84 93
    0x0000000080005de0: mv	s1, a1                00 05 84 93
    0x0000000080005de0: mv	s1, a1                00 05 84 93
    0x0000000080005de0: mv	s1, a1                00 05 84 93
    0x0000000080005de0: mv	s1, a1                00 05 84 93
    0x0000000080005de0: lbu	a0, 0(s1)            00 04 c5 03
    0x0000000080005de4: lbu	a0, 0(s1)            00 04 c5 03
    0x0000000080005de4: lbu	a0, 0(s1)            00 04 c5 03
    0x0000000080005de4: lbu	a0, 0(s1)            00 04 c5 03
    0x0000000080005de4: lbu	a0, 0(s1)            00 04 c5 03
    0x0000000080005de4: lbu	a0, 0(s1)            00 04 c5 03
    0x0000000080005de4: lbu	a0, 0(s1)            00 04 c5 03
    0x0000000080005de4: lbu	a0, 0(s1)            00 04 c5 03
    0x0000000080005de4: lbu	a0, 0(s1)            00 04 c5 03
    0x0000000080005de4: lbu	a0, 0(s1)            00 04 c5 03
    0x0000000080005de4: lbu	a0, 0(s1)            00 04 c5 03
    0x0000000080005de4: lbu	a0, 0(s1)            00 04 c5 03
    0x0000000080005de4: addi	s1, s1, 1           00 14 84 93
    0x0000000080005de8: addi	s1, s1, 1           00 14 84 93
    0x0000000080005de8: addi	s1, s1, 1           00 14 84 93
    0x0000000080005de8: addi	s1, s1, 1           00 14 84 93
    0x0000000080005de8: addi	s1, s1, 1           00 14 84 93
    0x0000000080005de8: addi	s1, s1, 1           00 14 84 93
    0x0000000080005de8: addi	s1, s1, 1           00 14 84 93
    0x0000000080005de8: addi	s1, s1, 1           00 14 84 93
    0x0000000080005de8: jal	-0xa48               db 8f f0 ef
    0x00000000800053a0: jal	-0xa48               db 8f f0 ef
    0x00000000800053a0: jal	-0xa48               db 8f f0 ef
    0x00000000800053a0: jal	-0xa48               db 8f f0 ef
    0x00000000800053a0: jal	-0xa48               db 8f f0 ef
    0x00000000800053a0: jal	-0xa48               db 8f f0 ef
    0x00000000800053a0: jal	-0xa48               db 8f f0 ef
    0x00000000800053a0: jal	-0xa48               db 8f f0 ef
    0x00000000800053a0: lui	a5, 0x10000          10 00 07 b7
    0x00000000800053a4: lui	a5, 0x10000          10 00 07 b7
    0x00000000800053a4: lui	a5, 0x10000          10 00 07 b7
    0x00000000800053a4: lui	a5, 0x10000          10 00 07 b7
    0x00000000800053a4: lui	a5, 0x10000          10 00 07 b7
    0x00000000800053a4: lui	a5, 0x10000          10 00 07 b7
    0x00000000800053a4: lui	a5, 0x10000          10 00 07 b7
    0x00000000800053a4: lui	a5, 0x10000          10 00 07 b7
    0x00000000800053a4: sb	a0, 0(a5)             00 a7 80 23
    0x00000000800053a8: sb	a0, 0(a5)             00 a7 80 23
    0x00000000800053a8: sb	a0, 0(a5)             00 a7 80 23
    0x00000000800053a8: sb	a0, 0(a5)             00 a7 80 23
    0x00000000800053a8: sb	a0, 0(a5)             00 a7 80 23
    0x00000000800053a8: sb	a0, 0(a5)             00 a7 80 23
    0x00000000800053a8: sb	a0, 0(a5)             00 a7 80 23
    0x00000000800053a8: sb	a0, 0(a5)             00 a7 80 23
    0x00000000800053a8: sb	a0, 0(a5)             00 a7 80 23
    0x00000000800053a8: sb	a0, 0(a5)             00 a7 80 23
    0x00000000800053a8: sb	a0, 0(a5)             00 a7 80 23
    0x00000000800053a8: ret                      00 00 80 67
    0x0000000080005dec: ret                      00 00 80 67
    0x0000000080005dec: ret                      00 00 80 67
    0x0000000080005dec: ret                      00 00 80 67
    0x0000000080005dec: ret                      00 00 80 67
    0x0000000080005dec: ret                      00 00 80 67
    0x0000000080005dec: ret                      00 00 80 67
    0x0000000080005dec: ret                      00 00 80 67
    0x0000000080005dec: bne	s1, s0, -0xc         fe 84 9a e3
    0x0000000080005df0: bne	s1, s0, -0xc         fe 84 9a e3
    0x0000000080005df0: bne	s1, s0, -0xc         fe 84 9a e3
    0x0000000080005df0: bne	s1, s0, -0xc         fe 84 9a e3
    0x0000000080005df0: bne	s1, s0, -0xc         fe 84 9a e3
    0x0000000080005df0: bne	s1, s0, -0xc         fe 84 9a e3
    0x0000000080005df0: bne	s1, s0, -0xc         fe 84 9a e3
    0x0000000080005df0: bne	s1, s0, -0xc         fe 84 9a e3
    0x0000000080005df0: lw	s0, 8(sp)             00 81 24 03
    0x0000000080005df4: lw	s0, 8(sp)             00 81 24 03
    0x0000000080005df4: lw	s0, 8(sp)             00 81 24 03
    0x0000000080005df4: lw	s0, 8(sp)             00 81 24 03
    0x0000000080005df4: lw	s0, 8(sp)             00 81 24 03
    0x0000000080005df4: lw	s0, 8(sp)             00 81 24 03
    0x0000000080005df4: lw	s0, 8(sp)             00 81 24 03
    0x0000000080005df4: lw	s0, 8(sp)             00 81 24 03
    0x0000000080005df4: lw	s0, 8(sp)             00 81 24 03
    0x0000000080005df4: lw	s0, 8(sp)             00 81 24 03
    0x0000000080005df4: lw	s0, 8(sp)             00 81 24 03
    0x0000000080005df4: lw	s0, 8(sp)             00 81 24 03
    0x0000000080005df4: lw	s1, 4(sp)             00 41 24 83
    0x0000000080005df8: lw	s1, 4(sp)             00 41 24 83
    0x0000000080005df8: lw	s1, 4(sp)             00 41 24 83
    0x0000000080005df8: lw	s1, 4(sp)             00 41 24 83
    0x0000000080005df8: lw	s1, 4(sp)             00 41 24 83
    0x0000000080005df8: lw	s1, 4(sp)             00 41 24 83
    0x0000000080005df8: lw	s1, 4(sp)             00 41 24 83
    0x0000000080005df8: lw	s1, 4(sp)             00 41 24 83
    0x0000000080005df8: lw	s1, 4(sp)             00 41 24 83
    0x0000000080005df8: lw	s1, 4(sp)             00 41 24 83
    0x0000000080005df8: lw	s1, 4(sp)             00 41 24 83
    0x0000000080005df8: lw	s1, 4(sp)             00 41 24 83
    0x0000000080005df8: lw	ra, 0xc(sp)           00 c1 20 83
    0x0000000080005dfc: lw	ra, 0xc(sp)           00 c1 20 83
    0x0000000080005dfc: lw	ra, 0xc(sp)           00 c1 20 83
    0x0000000080005dfc: lw	ra, 0xc(sp)           00 c1 20 83
    0x0000000080005dfc: lw	ra, 0xc(sp)           00 c1 20 83
    0x0000000080005dfc: lw	ra, 0xc(sp)           00 c1 20 83
    0x0000000080005dfc: lw	ra, 0xc(sp)           00 c1 20 83
    0x0000000080005dfc: lw	ra, 0xc(sp)           00 c1 20 83
    0x0000000080005dfc: lw	ra, 0xc(sp)           00 c1 20 83
    0x0000000080005dfc: lw	ra, 0xc(sp)           00 c1 20 83
    0x0000000080005dfc: lw	ra, 0xc(sp)           00 c1 20 83
    0x0000000080005dfc: lw	ra, 0xc(sp)           00 c1 20 83
    0x0000000080005dfc: lw	a0, 0(sp)             00 01 25 03
    0x0000000080005e00: lw	a0, 0(sp)             00 01 25 03
    0x0000000080005e00: lw	a0, 0(sp)             00 01 25 03
    0x0000000080005e00: lw	a0, 0(sp)             00 01 25 03
    0x0000000080005e00: lw	a0, 0(sp)             00 01 25 03
    0x0000000080005e00: lw	a0, 0(sp)             00 01 25 03
    0x0000000080005e00: lw	a0, 0(sp)             00 01 25 03
    0x0000000080005e00: lw	a0, 0(sp)             00 01 25 03
    0x0000000080005e00: lw	a0, 0(sp)             00 01 25 03
    0x0000000080005e00: lw	a0, 0(sp)             00 01 25 03
    0x0000000080005e00: lw	a0, 0(sp)             00 01 25 03
    0x0000000080005e00: lw	a0, 0(sp)             00 01 25 03
    0x0000000080005e00: addi	sp, sp, 0x10        01 01 01 13
    0x0000000080005e04: addi	sp, sp, 0x10        01 01 01 13
    0x0000000080005e04: addi	sp, sp, 0x10        01 01 01 13
    0x0000000080005e04: addi	sp, sp, 0x10        01 01 01 13
    0x0000000080005e04: addi	sp, sp, 0x10        01 01 01 13
    0x0000000080005e04: addi	sp, sp, 0x10        01 01 01 13
    0x0000000080005e04: addi	sp, sp, 0x10        01 01 01 13
    0x0000000080005e04: addi	sp, sp, 0x10        01 01 01 13
    0x0000000080005e04: ret                      00 00 80 67
    0x0000000080006220: ret                      00 00 80 67
    0x0000000080006220: ret                      00 00 80 67
    0x0000000080006220: ret                      00 00 80 67
    0x0000000080006220: ret                      00 00 80 67
    0x0000000080006220: ret                      00 00 80 67
    0x0000000080006220: ret                      00 00 80 67
    0x0000000080006220: ret                      00 00 80 67
    0x0000000080006220: addi	a5, zero, 1         00 10 07 93
    0x0000000080006224: addi	a5, zero, 1         00 10 07 93
    0x0000000080006224: addi	a5, zero, 1         00 10 07 93
    0x0000000080006224: addi	a5, zero, 1         00 10 07 93
    0x0000000080006224: addi	a5, zero, 1         00 10 07 93
    0x0000000080006224: addi	a5, zero, 1         00 10 07 93
    0x0000000080006224: addi	a5, zero, 1         00 10 07 93
    0x0000000080006224: addi	a5, zero, 1         00 10 07 93
    0x0000000080006224: lw	t0, 4(sp)             00 41 22 83
    0x0000000080006228: lw	t0, 4(sp)             00 41 22 83
    0x0000000080006228: lw	t0, 4(sp)             00 41 22 83
    0x0000000080006228: lw	t0, 4(sp)             00 41 22 83
    0x0000000080006228: lw	t0, 4(sp)             00 41 22 83
    0x0000000080006228: lw	t0, 4(sp)             00 41 22 83
    0x0000000080006228: lw	t0, 4(sp)             00 41 22 83
    0x0000000080006228: lw	t0, 4(sp)             00 41 22 83
    0x0000000080006228: lw	t0, 4(sp)             00 41 22 83
    0x0000000080006228: lw	t0, 4(sp)             00 41 22 83
    0x0000000080006228: lw	t0, 4(sp)             00 41 22 83
    0x0000000080006228: lw	t0, 4(sp)             00 41 22 83
    0x0000000080006228: bne	a0, a5, 0x430        42 f5 18 63
    0x000000008000622c: bne	a0, a5, 0x430        42 f5 18 63
    0x000000008000622c: bne	a0, a5, 0x430        42 f5 18 63
    0x000000008000622c: bne	a0, a5, 0x430        42 f5 18 63
    0x000000008000622c: bne	a0, a5, 0x430        42 f5 18 63
    0x000000008000622c: bne	a0, a5, 0x430        42 f5 18 63
    0x000000008000622c: bne	a0, a5, 0x430        42 f5 18 63
    0x000000008000622c: bne	a0, a5, 0x430        42 f5 18 63
    0x000000008000622c: lw	a5, 8(s0)             00 84 27 83
    0x0000000080006230: lw	a5, 8(s0)             00 84 27 83
    0x0000000080006230: lw	a5, 8(s0)             00 84 27 83
    0x0000000080006230: lw	a5, 8(s0)             00 84 27 83
    0x0000000080006230: lw	a5, 8(s0)             00 84 27 83
    0x0000000080006230: lw	a5, 8(s0)             00 84 27 83
    0x0000000080006230: lw	a5, 8(s0)             00 84 27 83
    0x0000000080006230: lw	a5, 8(s0)             00 84 27 83
    0x0000000080006230: lw	a5, 8(s0)             00 84 27 83
    0x0000000080006230: lw	a5, 8(s0)             00 84 27 83
    0x0000000080006230: lw	a5, 8(s0)             00 84 27 83
    0x0000000080006230: lw	a5, 8(s0)             00 84 27 83
    0x0000000080006230: addi	t0, t0, 1           00 12 82 93
    0x0000000080006234: addi	t0, t0, 1           00 12 82 93
    0x0000000080006234: addi	t0, t0, 1           00 12 82 93
    0x0000000080006234: addi	t0, t0, 1           00 12 82 93
    0x0000000080006234: addi	t0, t0, 1           00 12 82 93
    0x0000000080006234: addi	t0, t0, 1           00 12 82 93
    0x0000000080006234: addi	t0, t0, 1           00 12 82 93
    0x0000000080006234: addi	t0, t0, 1           00 12 82 93
    0x0000000080006234: addi	a5, a5, 1           00 17 87 93
    0x0000000080006238: addi	a5, a5, 1           00 17 87 93
    0x0000000080006238: addi	a5, a5, 1           00 17 87 93
    0x0000000080006238: addi	a5, a5, 1           00 17 87 93
    0x0000000080006238: addi	a5, a5, 1           00 17 87 93
    0x0000000080006238: addi	a5, a5, 1           00 17 87 93
    0x0000000080006238: addi	a5, a5, 1           00 17 87 93
    0x0000000080006238: addi	a5, a5, 1           00 17 87 93
    0x0000000080006238: sw	a5, 8(s0)             00 f4 24 23
    0x000000008000623c: sw	a5, 8(s0)             00 f4 24 23
    0x000000008000623c: sw	a5, 8(s0)             00 f4 24 23
    0x000000008000623c: sw	a5, 8(s0)             00 f4 24 23
    0x000000008000623c: sw	a5, 8(s0)             00 f4 24 23
    0x000000008000623c: sw	a5, 8(s0)             00 f4 24 23
    0x000000008000623c: sw	a5, 8(s0)             00 f4 24 23
    0x000000008000623c: sw	a5, 8(s0)             00 f4 24 23
    0x000000008000623c: sw	a5, 8(s0)             00 f4 24 23
    0x000000008000623c: sw	a5, 8(s0)             00 f4 24 23
    0x000000008000623c: sw	a5, 8(s0)             00 f4 24 23
    0x000000008000623c: lbu	a4, 0(t0)            00 02 c7 03
    0x0000000080006240: lbu	a4, 0(t0)            00 02 c7 03
    0x0000000080006240: lbu	a4, 0(t0)            00 02 c7 03
    0x0000000080006240: lbu	a4, 0(t0)            00 02 c7 03
    0x0000000080006240: lbu	a4, 0(t0)            00 02 c7 03
    0x0000000080006240: lbu	a4, 0(t0)            00 02 c7 03
    0x0000000080006240: lbu	a4, 0(t0)            00 02 c7 03
    0x0000000080006240: lbu	a4, 0(t0)            00 02 c7 03
    0x0000000080006240: lbu	a4, 0(t0)            00 02 c7 03
    0x0000000080006240: lbu	a4, 0(t0)            00 02 c7 03
    0x0000000080006240: lbu	a4, 0(t0)            00 02 c7 03
    0x0000000080006240: lbu	a4, 0(t0)            00 02 c7 03
    0x0000000080006240: beqz	a4, 0xec            0e 07 06 63
    0x000000008000632c: beqz	a4, 0xec            0e 07 06 63
    0x000000008000632c: beqz	a4, 0xec            0e 07 06 63
    0x000000008000632c: beqz	a4, 0xec            0e 07 06 63
    0x000000008000632c: beqz	a4, 0xec            0e 07 06 63
    0x000000008000632c: beqz	a4, 0xec            0e 07 06 63
    0x000000008000632c: beqz	a4, 0xec            0e 07 06 63
    0x000000008000632c: beqz	a4, 0xec            0e 07 06 63
    0x000000008000632c: lw	a5, 0xc(s0)           00 c4 27 83
    0x0000000080006330: lw	a5, 0xc(s0)           00 c4 27 83
    0x0000000080006330: lw	a5, 0xc(s0)           00 c4 27 83
    0x0000000080006330: lw	a5, 0xc(s0)           00 c4 27 83
    0x0000000080006330: lw	a5, 0xc(s0)           00 c4 27 83
    0x0000000080006330: lw	a5, 0xc(s0)           00 c4 27 83
    0x0000000080006330: lw	a5, 0xc(s0)           00 c4 27 83
    0x0000000080006330: lw	a5, 0xc(s0)           00 c4 27 83
    0x0000000080006330: lw	a5, 0xc(s0)           00 c4 27 83
    0x0000000080006330: lw	a5, 0xc(s0)           00 c4 27 83
    0x0000000080006330: lw	a5, 0xc(s0)           00 c4 27 83
    0x0000000080006330: lw	a5, 0xc(s0)           00 c4 27 83
    0x0000000080006330: bnez	a5, 0xc4            0c 07 92 63
    0x0000000080006334: bnez	a5, 0xc4            0c 07 92 63
    0x0000000080006334: bnez	a5, 0xc4            0c 07 92 63
    0x0000000080006334: bnez	a5, 0xc4            0c 07 92 63
    0x0000000080006334: bnez	a5, 0xc4            0c 07 92 63
    0x0000000080006334: bnez	a5, 0xc4            0c 07 92 63
    0x0000000080006334: bnez	a5, 0xc4            0c 07 92 63
    0x0000000080006334: bnez	a5, 0xc4            0c 07 92 63
    0x0000000080006334: lw	a0, 8(s0)             00 84 25 03
    0x0000000080006338: lw	a0, 8(s0)             00 84 25 03
    0x0000000080006338: lw	a0, 8(s0)             00 84 25 03
    0x0000000080006338: lw	a0, 8(s0)             00 84 25 03
    0x0000000080006338: lw	a0, 8(s0)             00 84 25 03
    0x0000000080006338: lw	a0, 8(s0)             00 84 25 03
    0x0000000080006338: lw	a0, 8(s0)             00 84 25 03
    0x0000000080006338: lw	a0, 8(s0)             00 84 25 03
    0x0000000080006338: lw	a0, 8(s0)             00 84 25 03
    0x0000000080006338: lw	a0, 8(s0)             00 84 25 03
    0x0000000080006338: lw	a0, 8(s0)             00 84 25 03
    0x0000000080006338: lw	a0, 8(s0)             00 84 25 03
    0x0000000080006338: lw	s1, 0x10(sp)          01 01 24 83
    0x000000008000633c: lw	s1, 0x10(sp)          01 01 24 83
    0x000000008000633c: lw	s1, 0x10(sp)          01 01 24 83
    0x000000008000633c: lw	s1, 0x10(sp)          01 01 24 83
    0x000000008000633c: lw	s1, 0x10(sp)          01 01 24 83
    0x000000008000633c: lw	s1, 0x10(sp)          01 01 24 83
    0x000000008000633c: lw	s1, 0x10(sp)          01 01 24 83
    0x000000008000633c: lw	s1, 0x10(sp)          01 01 24 83
    0x000000008000633c: lw	s1, 0x10(sp)          01 01 24 83
    0x000000008000633c: lw	s1, 0x10(sp)          01 01 24 83
    0x000000008000633c: lw	s1, 0x10(sp)          01 01 24 83
    0x000000008000633c: lw	s1, 0x10(sp)          01 01 24 83
    0x000000008000633c: lw	s0, 0x14(sp)          01 41 24 03
    0x0000000080006340: lw	s0, 0x14(sp)          01 41 24 03
    0x0000000080006340: lw	s0, 0x14(sp)          01 41 24 03
    0x0000000080006340: lw	s0, 0x14(sp)          01 41 24 03
    0x0000000080006340: lw	s0, 0x14(sp)          01 41 24 03
    0x0000000080006340: lw	s0, 0x14(sp)          01 41 24 03
    0x0000000080006340: lw	s0, 0x14(sp)          01 41 24 03
    0x0000000080006340: lw	s0, 0x14(sp)          01 41 24 03
    0x0000000080006340: lw	s0, 0x14(sp)          01 41 24 03
    0x0000000080006340: lw	s0, 0x14(sp)          01 41 24 03
    0x0000000080006340: lw	s0, 0x14(sp)          01 41 24 03
    0x0000000080006340: lw	s0, 0x14(sp)          01 41 24 03
    0x0000000080006340: lw	ra, 0x18(sp)          01 81 20 83
    0x0000000080006344: lw	ra, 0x18(sp)          01 81 20 83
    0x0000000080006344: lw	ra, 0x18(sp)          01 81 20 83
    0x0000000080006344: lw	ra, 0x18(sp)          01 81 20 83
    0x0000000080006344: lw	ra, 0x18(sp)          01 81 20 83
    0x0000000080006344: lw	ra, 0x18(sp)          01 81 20 83
    0x0000000080006344: lw	ra, 0x18(sp)          01 81 20 83
    0x0000000080006344: lw	ra, 0x18(sp)          01 81 20 83
    0x0000000080006344: lw	ra, 0x18(sp)          01 81 20 83
    0x0000000080006344: lw	ra, 0x18(sp)          01 81 20 83
    0x0000000080006344: lw	ra, 0x18(sp)          01 81 20 83
    0x0000000080006344: lw	ra, 0x18(sp)          01 81 20 83
    0x0000000080006344: addi	sp, sp, 0x1c        01 c1 01 13
    0x0000000080006348: addi	sp, sp, 0x1c        01 c1 01 13
    0x0000000080006348: addi	sp, sp, 0x1c        01 c1 01 13
    0x0000000080006348: addi	sp, sp, 0x1c        01 c1 01 13
    0x0000000080006348: addi	sp, sp, 0x1c        01 c1 01 13
    0x0000000080006348: addi	sp, sp, 0x1c        01 c1 01 13
    0x0000000080006348: addi	sp, sp, 0x1c        01 c1 01 13
    0x0000000080006348: addi	sp, sp, 0x1c        01 c1 01 13
    0x0000000080006348: ret                      00 00 80 67
    0x0000000080006704: ret                      00 00 80 67
    0x0000000080006704: ret                      00 00 80 67
    0x0000000080006704: ret                      00 00 80 67
    0x0000000080006704: ret                      00 00 80 67
    0x0000000080006704: ret                      00 00 80 67
    0x0000000080006704: ret                      00 00 80 67
    0x0000000080006704: ret                      00 00 80 67
    0x0000000080006704: lw	ra, 4(sp)             00 41 20 83
    0x0000000080006708: lw	ra, 4(sp)             00 41 20 83
    0x0000000080006708: lw	ra, 4(sp)             00 41 20 83
    0x0000000080006708: lw	ra, 4(sp)             00 41 20 83
    0x0000000080006708: lw	ra, 4(sp)             00 41 20 83
    0x0000000080006708: lw	ra, 4(sp)             00 41 20 83
    0x0000000080006708: lw	ra, 4(sp)             00 41 20 83
    0x0000000080006708: lw	ra, 4(sp)             00 41 20 83
    0x0000000080006708: lw	ra, 4(sp)             00 41 20 83
    0x0000000080006708: lw	ra, 4(sp)             00 41 20 83
    0x0000000080006708: lw	ra, 4(sp)             00 41 20 83
    0x0000000080006708: lw	ra, 4(sp)             00 41 20 83
    0x0000000080006708: addi	sp, sp, 0x1c        01 c1 01 13
    0x000000008000670c: addi	sp, sp, 0x1c        01 c1 01 13
    0x000000008000670c: addi	sp, sp, 0x1c        01 c1 01 13
    0x000000008000670c: addi	sp, sp, 0x1c        01 c1 01 13
    0x000000008000670c: addi	sp, sp, 0x1c        01 c1 01 13
    0x000000008000670c: addi	sp, sp, 0x1c        01 c1 01 13
    0x000000008000670c: addi	sp, sp, 0x1c        01 c1 01 13
    0x000000008000670c: addi	sp, sp, 0x1c        01 c1 01 13
    0x000000008000670c: ret                      00 00 80 67
    0x0000000080004c48: ret                      00 00 80 67
    0x0000000080004c48: ret                      00 00 80 67
    0x0000000080004c48: ret                      00 00 80 67
    0x0000000080004c48: ret                      00 00 80 67
    0x0000000080004c48: ret                      00 00 80 67
    0x0000000080004c48: ret                      00 00 80 67
    0x0000000080004c48: ret                      00 00 80 67
    0x0000000080004c48: addi	a0, zero, 1         00 10 05 13
    0x0000000080004c4c: addi	a0, zero, 1         00 10 05 13
    0x0000000080004c4c: addi	a0, zero, 1         00 10 05 13
    0x0000000080004c4c: addi	a0, zero, 1         00 10 05 13
    0x0000000080004c4c: addi	a0, zero, 1         00 10 05 13
    0x0000000080004c4c: addi	a0, zero, 1         00 10 05 13
    0x0000000080004c4c: addi	a0, zero, 1         00 10 05 13
    0x0000000080004c4c: addi	a0, zero, 1         00 10 05 13
    0x0000000080004c4c: jal	0x760                76 00 00 ef
    0x00000000800053ac: jal	0x760                76 00 00 ef
    0x00000000800053ac: jal	0x760                76 00 00 ef
    0x00000000800053ac: jal	0x760                76 00 00 ef
    0x00000000800053ac: jal	0x760                76 00 00 ef
    0x00000000800053ac: jal	0x760                76 00 00 ef
    0x00000000800053ac: jal	0x760                76 00 00 ef
    0x00000000800053ac: jal	0x760                76 00 00 ef
    0x00000000800053ac: mv	a0, a0                00 05 05 13
--> 0x00000000800053b0: mv	a0, a0                00 05 05 13
--> 0x00000000800053b0: mv	a0, a0                00 05 05 13
--> 0x00000000800053b0: mv	a0, a0                00 05 05 13
--> 0x00000000800053b0: mv	a0, a0                00 05 05 13
--> 0x00000000800053b0: mv	a0, a0                00 05 05 13
--> 0x00000000800053b0: mv	a0, a0                00 05 05 13
--> 0x00000000800053b0: mv	a0, a0                00 05 05 13
--> 0x00000000800053b0: ebreak                   00 10 00 73
性能计数器
IFU取到指令: 5013
EXU完成计算: 5013
LSU取到数据: 1235
LSU写出数据: 943
ALU指令: 1632
访存指令: 2178
CSR指令: 0
分支/跳转指令: 1203
指令类别合计: 5013 (应与IFU取指一致)
IFU取指: 5013
EXU完成: 5013 (应与IFU取指接近)
LSU合计: 2178 (应与访存指令一致)

指令类别占比与平均周期:
ALU指令占比: 32.6%
访存指令占比: 43.4%
访存指令平均周期: 6.57
CSR指令占比: 0.0%
分支/跳转指令占比: 24.0%

IFU取不到指令原因分析:
流水线阻塞(IFU有数据但下游不接): 5338 周期, 占比 11.4%
AXI总线等待(AR/R通道未就绪): 36317 周期, 占比 77.8%
  其中 AR通道等待(请求未接受): 17027 周期, 占比 36.5%
  其中 R通道等待(数据未返回): 14277 周期, 占比 30.6%
跳转冲刷(取指结果被丢弃): 660 周期, 占比 1.4%
IFU空闲(无取指请求): 5012 周期, 占比 10.7%

EXU流水线阻塞分析:
EXU等待LSU完成(流水线stall): 12125 周期, 占比 26.0%

LSU平均访存延迟:
平均延迟: 5.57 周期
  读延迟: 6.00 周期 (1235 次)
  写延迟: 5.00 周期 (943 次)

LSU访存延迟分解:
  AR等待(读请求握手): 2470 周期, 占比 20.4%
  R等待(读数据返回):  3705 周期, 占比 30.6%
  AW/W等待(写请求握手): 1886 周期, 占比 15.6%
  B等待(写响应返回):  1886 周期, 占比 15.6%

ICache 性能:
  命中: 254 次
  缺失: 4758 次
  命中率: 5.1%
  缺失平均延迟: 6.6 周期
  AMAT: 7.2 周期
