现在指定了镜像文件
文件加载了: /home/abc/ysyx-workbench/am-kernels/tests/cpu-tests/build/dummy-riscv32i-ysyxsoc.bin, size = 200 bytes
trap了
HIT GOOD TRAP at pc = 0x80000080, cycles = 202, instructions = 21, ipc = 0.1040
性能计数器
IFU取到指令: 25
EXU完成计算: 25
LSU取到数据: 0
LSU写出数据: 1
ALU指令: 19
访存指令: 1
CSR指令: 0
分支/跳转指令: 5
指令类别合计: 25 (应与IFU取指一致)
IFU取指: 25
EXU完成: 25 (应与IFU取指接近)
LSU合计: 1 (应与访存指令一致)

指令类别占比与平均周期:
ALU指令占比: 76.0%
访存指令占比: 4.0%
访存指令平均周期: 6.00
CSR指令占比: 0.0%
分支/跳转指令占比: 20.0%

IFU取不到指令原因分析:
流水线阻塞(IFU有数据但下游不接): 25 周期, 占比 12.4%
AXI总线等待(AR/R通道未就绪): 153 周期, 占比 75.7%
  其中 AR通道等待(请求未接受): 53 周期, 占比 26.2%
  其中 R通道等待(数据未返回): 75 周期, 占比 37.1%
跳转冲刷(取指结果被丢弃): 5 周期, 占比 2.5%
IFU空闲(无取指请求): 24 周期, 占比 11.9%

EXU流水线阻塞分析:
EXU等待LSU完成(流水线stall): 5 周期, 占比 2.5%

LSU平均访存延迟:
平均延迟: 5.00 周期
  写延迟: 5.00 周期 (1 次)

LSU访存延迟分解:
  AR等待(读请求握手): 0 周期, 占比 0.0%
  R等待(读数据返回):  0 周期, 占比 0.0%
  AW/W等待(写请求握手): 2 周期, 占比 40.0%
  B等待(写响应返回):  2 周期, 占比 40.0%

ICache 性能:
  命中: 0 次
  缺失: 24 次
  命中率: 0.0%
  缺失平均延迟: 5.3 周期
  AMAT: 6.3 周期

单次记录: NPCSimResult/result_npc.csv
