Hello, AbstractMachine!
mainargs = 'the_insert-arg_rule_in_Makefile_will_insert_mainargs_here'.
现在指定了镜像文件
文件加载了: /home/abc/ysyx-workbench/am-kernels/kernels/hello/build/hello-riscv32e-npc.bin, size = 312 bytes
trap了
HIT GOOD TRAP at pc = 0x800000c4, cycles = 3766, instructions = 625, ipc = 0.1660
性能计数器
IFU取到指令: 865
EXU完成计算: 865
LSU取到数据: 102
LSU写出数据: 101
ALU指令: 328
访存指令: 203
CSR指令: 0
分支/跳转指令: 334
指令类别合计: 865 (应与IFU取指一致)
IFU取指: 865
EXU完成: 865 (应与IFU取指接近)
LSU合计: 203 (应与访存指令一致)

指令类别占比与平均周期:
ALU指令占比: 37.9%
访存指令占比: 23.5%
访存指令平均周期: 6.50
CSR指令占比: 0.0%
分支/跳转指令占比: 38.6%

IFU取不到指令原因分析:
流水线阻塞(IFU有数据但下游不接): 1770 周期, 占比 47.0%
AXI总线等待(AR/R通道未就绪): 1132 周期, 占比 30.1%
  其中 AR通道等待(请求未接受): 111 周期, 占比 2.9%
  其中 R通道等待(数据未返回): 156 周期, 占比 4.1%
跳转冲刷(取指结果被丢弃): 293 周期, 占比 7.8%
IFU空闲(无取指请求): 864 周期, 占比 22.9%

EXU流水线阻塞分析:
EXU等待LSU完成(流水线stall): 1117 周期, 占比 29.7%

LSU平均访存延迟:
平均延迟: 5.50 周期
  读延迟: 6.00 周期 (102 次)
  写延迟: 5.00 周期 (101 次)

LSU访存延迟分解:
  AR等待(读请求握手): 204 周期, 占比 18.3%
  R等待(读数据返回):  306 周期, 占比 27.4%
  AW/W等待(写请求握手): 202 周期, 占比 18.1%
  B等待(写响应返回):  202 周期, 占比 18.1%

ICache 性能:
  命中: 852 次
  缺失: 12 次
  命中率: 98.6%
  缺失平均延迟: 22.2 周期
  AMAT: 1.3 周期
