现在指定了镜像文件
文件加载了: /home/abc/ysyx-workbench/am-kernels/benchmarks/microbench/build/microbench-riscv32i-ysyxsoc.bin, size = 29248 bytes
Invalid mainargs: "the_insert-arg_rule_in_Makefile_will_insert_mainargs_here"; must be in {test, train, ref, huge}
trap了
HIT BAD TRAP at pc = 0xa0004d6c, code = 1, cycles = 474772, instructions = 32667, ipc = 0.0688
iringbuf是空的
性能计数器
IFU取到指令: 48808
EXU完成计算: 48808
LSU取到数据: 8423
LSU写出数据: 8070
ALU指令: 16304
访存指令: 16493
CSR指令: 117
分支/跳转指令: 15894
指令类别合计: 48808 (应与IFU取指一致)
IFU取指: 48808
EXU完成: 48808 (应与IFU取指接近)
LSU合计: 16493 (应与访存指令一致)

指令类别占比与平均周期:
ALU指令占比: 33.4%
访存指令占比: 33.8%
访存指令平均周期: 17.90
CSR指令占比: 0.2%
分支/跳转指令占比: 32.6%

IFU取不到指令原因分析:
流水线阻塞(IFU有数据但下游不接): 304257 周期, 占比 64.1%
AXI总线等待(AR/R通道未就绪): 121703 周期, 占比 25.6%
  其中 AR通道等待(请求未接受): 10868 周期, 占比 2.3%
  其中 R通道等待(数据未返回): 62027 周期, 占比 13.1%
跳转冲刷(取指结果被丢弃): 8008 周期, 占比 1.7%
IFU空闲(无取指请求): 48812 周期, 占比 10.3%

EXU流水线阻塞分析:
EXU等待LSU完成(流水线stall): 278740 周期, 占比 58.7%

LSU平均访存延迟:
平均延迟: 16.90 周期
  读延迟: 8.86 周期 (8423 次)
  写延迟: 25.29 周期 (8070 次)

LSU访存延迟分解:
  AR等待(读请求握手): 16846 周期, 占比 6.0%
  R等待(读数据返回):  49375 周期, 占比 17.7%
  AW/W等待(写请求握手): 16140 周期, 占比 5.8%
  B等待(写响应返回):  179886 周期, 占比 64.5%

ICache 性能:
  命中: 48268 次
  缺失: 544 次
  命中率: 98.9%
  缺失平均延迟: 134.0 周期
  AMAT: 2.5 周期

单次记录: NPCSimResult/20260726-224002/result_ysyxsoc_nangate45.csv
