现在指定了镜像文件
文件加载了: /home/abc/ysyx-workbench/am-kernels/benchmarks/microbench/build/microbench-riscv32i-ysyxsoc.bin, size = 29280 bytes
======= Running MicroBench [input *test*] =======
[qsort] Quick sort: * Passed.
[queen] Queen placement: * Passed.
[bf] Brainf**k interpreter: * Passed.
[fib] Fibonacci number: * Passed.
[sieve] Eratosthenes sieve: * Passed.
[15pz] A* 15-puzzle search: * Passed.
[dinic] Dinic's maxflow algorithm: * Passed.
[lzip] Lzip compression: * Passed.
[ssort] Suffix sort: * Passed.
[md5] MD5 digest: * Passed.
==================================================
MicroBench PASS
Scored time: 3167.454 ms
Total  time: 4557.798 ms
trap了
HIT GOOD TRAP at pc = 0xa0004db8, cycles = 5071664, instructions = 405859, ipc = 0.0800
性能计数器
IFU取到指令: 682832
EXU完成计算: 573668
LSU取到数据: 67440
LSU写出数据: 54403
ALU指令: 305313
访存指令: 121843
CSR指令: 2
分支/跳转指令: 146510
  其中 jal指令: 19204
  其中 jalr指令: 13903
  其中 条件分支: 113403
指令类别合计: 573668 (应与IFU取指一致)
IFU取指: 682832
EXU完成: 573668 (应与IFU取指接近)
LSU合计: 121843 (应与访存指令一致)

指令类别占比与平均周期:
ALU指令占比: 44.7%
访存指令占比: 17.8%
访存指令平均周期: 6.54
CSR指令占比: 0.0%
分支/跳转指令占比: 21.5%

IFU取不到指令原因分析:
流水线阻塞(IFU有数据但下游不接): 3347598 周期, 占比 66.0%
AXI总线等待(AR/R通道未就绪): 4318387 周期, 占比 85.1%
  其中 AR通道等待(请求未接受): 154733 周期, 占比 3.1%
  其中 R通道等待(数据未返回): 803648 周期, 占比 15.8%
跳转冲刷(取指结果被丢弃): 60243 周期, 占比 1.2%
IFU空闲(无取指请求): 60244 周期, 占比 1.2%

EXU流水线阻塞分析:
EXU被下游阻塞(有指令但本拍未完成): 2401578 周期, 占比 47.4%
EXU空转无输入(上游供给不足): 2096418 周期, 占比 41.3%
EX/MEM等待槽占用(5级拆分买到的访存重叠): 2848448 周期, 占比 56.2%

IDU数据冒险阻塞分析:
RAW阻塞合计: 1373220 周期, 占比 27.1%
  load-use(等LSU数据,转发无法消除): 1373220 周期, 占比 27.1%
  ALU依赖(转发可消除,即转发理想收益): 0 周期, 占比 0.0%

异常/中断提交: 1 次

LSU平均访存延迟:
平均延迟: 30.12 周期
  读延迟: 32.31 周期 (67440 次)
  写延迟: 27.40 周期 (54403 次)

LSU访存延迟分解:
  AR等待(读请求握手): 292644 周期, 占比 8.0%
  R等待(读数据返回):  1818712 周期, 占比 49.6%
  AW/W等待(写请求握手): 268311 周期, 占比 7.3%
  B等待(写响应返回):  1167929 周期, 占比 31.8%

ICache 性能:
  命中: 670424 次
  缺失: 22609 次
  命中率: 96.7%
  缺失平均延迟: 42.4 周期
  AMAT: 2.4 周期

单次记录: NPCSimResult/20260729-234937/result_ysyxsoc_icsprout55.csv
