现在指定了镜像文件
文件加载了: /home/abc/ysyx-workbench/am-kernels/benchmarks/microbench/build/microbench-riscv32i-ysyxsoc.bin, size = 29280 bytes
======= Running MicroBench [input *test*] =======
[qsort] Quick sort: * Passed.
[queen] Queen placement: * Passed.
[bf] Brainf**k interpreter: * Passed.
[fib] Fibonacci number: * Passed.
[sieve] Eratosthenes sieve: * Passed.
[15pz] A* 15-puzzle search: * Passed.
[dinic] Dinic's maxflow algorithm: * Passed.
[lzip] Lzip compression: * Passed.
[ssort] Suffix sort: * Passed.
[md5] MD5 digest: * Passed.
==================================================
MicroBench PASS
Scored time: 3221.666 ms
Total  time: 4661.945 ms
trap了
HIT GOOD TRAP at pc = 0xa0004db8, cycles = 5176667, instructions = 405823, ipc = 0.0784
性能计数器
IFU取到指令: 747371
EXU完成计算: 573668
LSU取到数据: 67440
LSU写出数据: 54403
ALU指令: 305277
访存指令: 121843
CSR指令: 2
分支/跳转指令: 146546
指令类别合计: 573668 (应与IFU取指一致)
IFU取指: 747371
EXU完成: 573668 (应与IFU取指接近)
LSU合计: 121843 (应与访存指令一致)

指令类别占比与平均周期:
ALU指令占比: 40.8%
访存指令占比: 16.3%
访存指令平均周期: 6.49
CSR指令占比: 0.0%
分支/跳转指令占比: 19.6%

IFU取不到指令原因分析:
流水线阻塞(IFU有数据但下游不接): 3352053 周期, 占比 64.8%
AXI总线等待(AR/R通道未就绪): 4325479 周期, 占比 83.6%
  其中 AR通道等待(请求未接受): 153877 周期, 占比 3.0%
  其中 R通道等待(数据未返回): 807349 周期, 占比 15.6%
跳转冲刷(取指结果被丢弃): 92901 周期, 占比 1.8%
IFU空闲(无取指请求): 92902 周期, 占比 1.8%

EXU流水线阻塞分析:
EXU被下游阻塞(有指令但本拍未完成): 2398060 周期, 占比 46.3%
EXU空转无输入(上游供给不足): 2204939 周期, 占比 42.6%
EX/MEM等待槽占用(5级拆分买到的访存重叠): 2852329 周期, 占比 55.1%

IDU数据冒险阻塞分析:
RAW阻塞合计: 1367045 周期, 占比 26.4%
  load-use(等LSU数据,转发无法消除): 1367045 周期, 占比 26.4%
  ALU依赖(转发可消除,即转发理想收益): 0 周期, 占比 0.0%

异常/中断提交: 1 次

LSU平均访存延迟:
平均延迟: 30.10 周期
  读延迟: 32.15 周期 (67440 次)
  写延迟: 27.55 周期 (54403 次)

LSU访存延迟分解:
  AR等待(读请求握手): 282259 周期, 占比 7.7%
  R等待(读数据返回):  1818689 周期, 占比 49.6%
  AW/W等待(写请求握手): 271020 周期, 占比 7.4%
  B等待(写响应返回):  1173537 周期, 占比 32.0%

ICache 性能:
  命中: 735171 次
  缺失: 23115 次
  命中率: 97.0%
  缺失平均延迟: 41.6 周期
  AMAT: 2.3 周期

单次记录: NPCSimResult/20260729-122349/result_ysyxsoc_icsprout55.csv
