现在指定了镜像文件
文件加载了: /home/abc/ysyx-workbench/am-kernels/benchmarks/microbench/build/microbench-riscv32i-ysyxsoc.bin, size = 28948 bytes
======= Running MicroBench [input *test*] =======
[qsort] Quick sort: * Passed.
[queen] Queen placement: * Passed.
[bf] Brainf**k interpreter: * Passed.
[fib] Fibonacci number: * Passed.
[sieve] Eratosthenes sieve: * Passed.
[15pz] A* 15-puzzle search: * Passed.
[dinic] Dinic's maxflow algorithm: * Passed.
[lzip] Lzip compression: * Passed.
[ssort] Suffix sort: * Passed.
[md5] MD5 digest: * Passed.
==================================================
MicroBench PASS
Scored time: 2195.001 ms
Total  time: 2970.094 ms
trap了
HIT GOOD TRAP at pc = 0xa0004dc8, cycles = 3415529, instructions = 404956, ipc = 0.1186
性能计数器
IFU取到指令: 572289
EXU完成计算: 572288
LSU取到数据: 67334
LSU写出数据: 54298
ALU指令: 304645
访存指令: 121632
CSR指令: 0
分支/跳转指令: 146011
指令类别合计: 572288 (应与IFU取指一致)
IFU取指: 572289
EXU完成: 572288 (应与IFU取指接近)
LSU合计: 121632 (应与访存指令一致)

指令类别占比与平均周期:
ALU指令占比: 53.2%
访存指令占比: 21.3%
访存指令平均周期: 6.06
CSR指令占比: 0.0%
分支/跳转指令占比: 25.5%

IFU取不到指令原因分析:
流水线阻塞(IFU有数据但下游不接): 726840 周期, 占比 21.3%
AXI总线等待(AR/R通道未就绪): 2116397 周期, 占比 62.0%
  其中 AR通道等待(请求未接受): 900192 周期, 占比 26.4%
  其中 R通道等待(数据未返回): 643916 周期, 占比 18.9%
跳转冲刷(取指结果被丢弃): 92584 周期, 占比 2.7%
IFU空闲(无取指请求): 572292 周期, 占比 16.8%

EXU流水线阻塞分析:
EXU等待LSU完成(流水线stall): 615454 周期, 占比 18.0%

LSU平均访存延迟:
平均延迟: 5.06 周期
  读延迟: 5.05 周期 (67334 次)
  写延迟: 5.07 周期 (54298 次)

LSU访存延迟分解:
  AR等待(读请求握手): 134668 周期, 占比 21.9%
  R等待(读数据返回):  138301 周期, 占比 22.5%
  AW/W等待(写请求握手): 108596 周期, 占比 17.6%
  B等待(写响应返回):  112257 周期, 占比 18.2%

ICache 性能:
  命中: 250331 次
  缺失: 278412 次
  命中率: 47.3%
  缺失平均延迟: 5.5 周期
  AMAT: 3.9 周期

单次记录: NPCSimResult/20260723-140218/result_ysyxsoc.csv
